Archive member included to satisfy reference by file (symbol)

c:/program files (x86)/atollic/truestudio for stm32 9.1.0/armtools/bin/../lib/gcc/arm-atollic-eabi/6.3.1/../../../../arm-atollic-eabi/lib/armv7e-m/fpu/fpv5-d16\libc_nano.a(lib_a-init.o)
                              startup\startup_stm32f767xx.o (__libc_init_array)
c:/program files (x86)/atollic/truestudio for stm32 9.1.0/armtools/bin/../lib/gcc/arm-atollic-eabi/6.3.1/armv7e-m/fpu/fpv5-d16\libgcc.a(_aeabi_uldivmod.o)
                              Drivers\STM32F7xx_HAL_Driver\Src\stm32f7xx_hal_rcc.o (__aeabi_uldivmod)
c:/program files (x86)/atollic/truestudio for stm32 9.1.0/armtools/bin/../lib/gcc/arm-atollic-eabi/6.3.1/armv7e-m/fpu/fpv5-d16\libgcc.a(_udivmoddi4.o)
                              c:/program files (x86)/atollic/truestudio for stm32 9.1.0/armtools/bin/../lib/gcc/arm-atollic-eabi/6.3.1/armv7e-m/fpu/fpv5-d16\libgcc.a(_aeabi_uldivmod.o) (__udivmoddi4)
c:/program files (x86)/atollic/truestudio for stm32 9.1.0/armtools/bin/../lib/gcc/arm-atollic-eabi/6.3.1/armv7e-m/fpu/fpv5-d16\libgcc.a(_dvmd_tls.o)
                              c:/program files (x86)/atollic/truestudio for stm32 9.1.0/armtools/bin/../lib/gcc/arm-atollic-eabi/6.3.1/armv7e-m/fpu/fpv5-d16\libgcc.a(_aeabi_uldivmod.o) (__aeabi_ldiv0)

Allocating common symbols
Common symbol       size              file

retSD               0x1               Src\fatfs.o
hsd1                0x84              Src\main.o
uwTick              0x4               Drivers\STM32F7xx_HAL_Driver\Src\stm32f7xx_hal.o
pFlash              0x1c              Drivers\STM32F7xx_HAL_Driver\Src\stm32f7xx_hal_flash.o
hjpeg               0x54              Src\main.o
SDPath              0x4               Src\fatfs.o
SDFile              0x230             Src\fatfs.o
SDFatFS             0x230             Src\fatfs.o

Discarded input sections

 .text          0x00000000        0x0 c:/program files (x86)/atollic/truestudio for stm32 9.1.0/armtools/bin/../lib/gcc/arm-atollic-eabi/6.3.1/armv7e-m/fpu/fpv5-d16/crti.o
 .data          0x00000000        0x0 c:/program files (x86)/atollic/truestudio for stm32 9.1.0/armtools/bin/../lib/gcc/arm-atollic-eabi/6.3.1/armv7e-m/fpu/fpv5-d16/crti.o
 .bss           0x00000000        0x0 c:/program files (x86)/atollic/truestudio for stm32 9.1.0/armtools/bin/../lib/gcc/arm-atollic-eabi/6.3.1/armv7e-m/fpu/fpv5-d16/crti.o
 .data          0x00000000        0x4 c:/program files (x86)/atollic/truestudio for stm32 9.1.0/armtools/bin/../lib/gcc/arm-atollic-eabi/6.3.1/armv7e-m/fpu/fpv5-d16/crtbegin.o
 .text          0x00000000        0x0 Drivers\STM32F7xx_HAL_Driver\Src\stm32f7xx_hal.o
 .data          0x00000000        0x0 Drivers\STM32F7xx_HAL_Driver\Src\stm32f7xx_hal.o
 .bss           0x00000000        0x0 Drivers\STM32F7xx_HAL_Driver\Src\stm32f7xx_hal.o
 .text.HAL_MspInit
                0x00000000        0x2 Drivers\STM32F7xx_HAL_Driver\Src\stm32f7xx_hal.o
 .text.HAL_MspDeInit
                0x00000000        0x2 Drivers\STM32F7xx_HAL_Driver\Src\stm32f7xx_hal.o
 .text.HAL_DeInit
                0x00000000       0x2c Drivers\STM32F7xx_HAL_Driver\Src\stm32f7xx_hal.o
 .text.HAL_GetTickPrio
                0x00000000        0xc Drivers\STM32F7xx_HAL_Driver\Src\stm32f7xx_hal.o
 .text.HAL_SetTickFreq
                0x00000000       0x24 Drivers\STM32F7xx_HAL_Driver\Src\stm32f7xx_hal.o
 .text.HAL_GetTickFreq
                0x00000000        0xc Drivers\STM32F7xx_HAL_Driver\Src\stm32f7xx_hal.o
 .text.HAL_SuspendTick
                0x00000000       0x10 Drivers\STM32F7xx_HAL_Driver\Src\stm32f7xx_hal.o
 .text.HAL_ResumeTick
                0x00000000       0x10 Drivers\STM32F7xx_HAL_Driver\Src\stm32f7xx_hal.o
 .text.HAL_GetHalVersion
                0x00000000        0x8 Drivers\STM32F7xx_HAL_Driver\Src\stm32f7xx_hal.o
 .text.HAL_GetREVID
                0x00000000        0xc Drivers\STM32F7xx_HAL_Driver\Src\stm32f7xx_hal.o
 .text.HAL_GetDEVID
                0x00000000       0x10 Drivers\STM32F7xx_HAL_Driver\Src\stm32f7xx_hal.o
 .text.HAL_GetUIDw0
                0x00000000        0xc Drivers\STM32F7xx_HAL_Driver\Src\stm32f7xx_hal.o
 .text.HAL_GetUIDw1
                0x00000000        0xc Drivers\STM32F7xx_HAL_Driver\Src\stm32f7xx_hal.o
 .text.HAL_GetUIDw2
                0x00000000        0xc Drivers\STM32F7xx_HAL_Driver\Src\stm32f7xx_hal.o
 .text.HAL_DBGMCU_EnableDBGSleepMode
                0x00000000       0x10 Drivers\STM32F7xx_HAL_Driver\Src\stm32f7xx_hal.o
 .text.HAL_DBGMCU_DisableDBGSleepMode
                0x00000000       0x10 Drivers\STM32F7xx_HAL_Driver\Src\stm32f7xx_hal.o
 .text.HAL_DBGMCU_EnableDBGStopMode
                0x00000000       0x10 Drivers\STM32F7xx_HAL_Driver\Src\stm32f7xx_hal.o
 .text.HAL_DBGMCU_DisableDBGStopMode
                0x00000000       0x10 Drivers\STM32F7xx_HAL_Driver\Src\stm32f7xx_hal.o
 .text.HAL_DBGMCU_EnableDBGStandbyMode
                0x00000000       0x10 Drivers\STM32F7xx_HAL_Driver\Src\stm32f7xx_hal.o
 .text.HAL_DBGMCU_DisableDBGStandbyMode
[...]
Memory Configuration

Name             Origin             Length             Attributes
RAM              0x20000000         0x00080000         xrw
FLASH            0x08000000         0x00200000         xr
*default*        0x00000000         0xffffffff

Linker script and memory map

LOAD c:/program files (x86)/atollic/truestudio for stm32 9.1.0/armtools/bin/../lib/gcc/arm-atollic-eabi/6.3.1/armv7e-m/fpu/fpv5-d16/crti.o
LOAD c:/program files (x86)/atollic/truestudio for stm32 9.1.0/armtools/bin/../lib/gcc/arm-atollic-eabi/6.3.1/armv7e-m/fpu/fpv5-d16/crtbegin.o
LOAD Drivers\STM32F7xx_HAL_Driver\Src\stm32f7xx_hal.o
LOAD Drivers\STM32F7xx_HAL_Driver\Src\stm32f7xx_hal_cortex.o
LOAD Drivers\STM32F7xx_HAL_Driver\Src\stm32f7xx_hal_dma.o
LOAD Drivers\STM32F7xx_HAL_Driver\Src\stm32f7xx_hal_dma_ex.o
LOAD Drivers\STM32F7xx_HAL_Driver\Src\stm32f7xx_hal_flash.o
LOAD Drivers\STM32F7xx_HAL_Driver\Src\stm32f7xx_hal_flash_ex.o
LOAD Drivers\STM32F7xx_HAL_Driver\Src\stm32f7xx_hal_gpio.o
LOAD Drivers\STM32F7xx_HAL_Driver\Src\stm32f7xx_hal_i2c.o
LOAD Drivers\STM32F7xx_HAL_Driver\Src\stm32f7xx_hal_i2c_ex.o
LOAD Drivers\STM32F7xx_HAL_Driver\Src\stm32f7xx_hal_jpeg.o
LOAD Drivers\STM32F7xx_HAL_Driver\Src\stm32f7xx_hal_pwr.o
LOAD Drivers\STM32F7xx_HAL_Driver\Src\stm32f7xx_hal_pwr_ex.o
LOAD Drivers\STM32F7xx_HAL_Driver\Src\stm32f7xx_hal_rcc.o
LOAD Drivers\STM32F7xx_HAL_Driver\Src\stm32f7xx_hal_rcc_ex.o
LOAD Drivers\STM32F7xx_HAL_Driver\Src\stm32f7xx_hal_sd.o
LOAD Drivers\STM32F7xx_HAL_Driver\Src\stm32f7xx_hal_tim.o
LOAD Drivers\STM32F7xx_HAL_Driver\Src\stm32f7xx_hal_tim_ex.o
LOAD Drivers\STM32F7xx_HAL_Driver\Src\stm32f7xx_ll_sdmmc.o
LOAD Middlewares\Third_Party\FatFs\src\diskio.o
LOAD Middlewares\Third_Party\FatFs\src\ff.o
LOAD Middlewares\Third_Party\FatFs\src\ff_gen_drv.o
LOAD Middlewares\Third_Party\FatFs\src\option\syscall.o
LOAD Src\bsp_driver_sd.o
LOAD Src\fatfs.o
LOAD Src\main.o
LOAD Src\sd_diskio.o
LOAD Src\stm32f7xx_hal_msp.o
LOAD Src\stm32f7xx_it.o
LOAD Src\system_stm32f7xx.o
LOAD startup\startup_stm32f767xx.o
                0x00000080                malloc_getpagesize_P = 0x80
START GROUP
LOAD c:/program files (x86)/atollic/truestudio for stm32 9.1.0/armtools/bin/../lib/gcc/arm-atollic-eabi/6.3.1/../../../../arm-atollic-eabi/lib/armv7e-m/fpu/fpv5-d16\libc_nano.a
LOAD c:/program files (x86)/atollic/truestudio for stm32 9.1.0/armtools/bin/../lib/gcc/arm-atollic-eabi/6.3.1/../../../../arm-atollic-eabi/lib/armv7e-m/fpu/fpv5-d16\libm.a
END GROUP
START GROUP
LOAD c:/program files (x86)/atollic/truestudio for stm32 9.1.0/armtools/bin/../lib/gcc/arm-atollic-eabi/6.3.1/armv7e-m/fpu/fpv5-d16\libgcc.a
LOAD c:/program files (x86)/atollic/truestudio for stm32 9.1.0/armtools/bin/../lib/gcc/arm-atollic-eabi/6.3.1/../../../../arm-atollic-eabi/lib/armv7e-m/fpu/fpv5-d16\libc_nano.a
END GROUP
START GROUP
LOAD c:/program files (x86)/atollic/truestudio for stm32 9.1.0/armtools/bin/../lib/gcc/arm-atollic-eabi/6.3.1/armv7e-m/fpu/fpv5-d16\libgcc.a
LOAD c:/program files (x86)/atollic/truestudio for stm32 9.1.0/armtools/bin/../lib/gcc/arm-atollic-eabi/6.3.1/../../../../arm-atollic-eabi/lib/armv7e-m/fpu/fpv5-d16\libc_nano.a
LOAD c:/program files (x86)/atollic/truestudio for stm32 9.1.0/armtools/bin/../lib/gcc/arm-atollic-eabi/6.3.1/../../../../arm-atollic-eabi/lib/armv7e-m/fpu/fpv5-d16\libnosys.a
END GROUP
START GROUP
LOAD c:/program files (x86)/atollic/truestudio for stm32 9.1.0/armtools/bin/../lib/gcc/arm-atollic-eabi/6.3.1/armv7e-m/fpu/fpv5-d16\libgcc.a
LOAD c:/program files (x86)/atollic/truestudio for stm32 9.1.0/armtools/bin/../lib/gcc/arm-atollic-eabi/6.3.1/../../../../arm-atollic-eabi/lib/armv7e-m/fpu/fpv5-d16\libc_nano.a
LOAD c:/program files (x86)/atollic/truestudio for stm32 9.1.0/armtools/bin/../lib/gcc/arm-atollic-eabi/6.3.1/../../../../arm-atollic-eabi/lib/armv7e-m/fpu/fpv5-d16\libnosys.a
END GROUP
LOAD c:/program files (x86)/atollic/truestudio for stm32 9.1.0/armtools/bin/../lib/gcc/arm-atollic-eabi/6.3.1/armv7e-m/fpu/fpv5-d16/crtend.o
LOAD c:/program files (x86)/atollic/truestudio for stm32 9.1.0/armtools/bin/../lib/gcc/arm-atollic-eabi/6.3.1/armv7e-m/fpu/fpv5-d16/crtn.o
                0x20080000                _estack = 0x20080000
                0x00000200                _Min_Heap_Size = 0x200
                0x00000400                _Min_Stack_Size = 0x400

.isr_vector     0x08000000      0x1f8
                0x08000000                . = ALIGN (0x4)
 *(.isr_vector)
 .isr_vector    0x08000000      0x1f8 startup\startup_stm32f767xx.o
                0x08000000                g_pfnVectors
                0x080001f8                . = ALIGN (0x4)

.text           0x080001f8     0x2b28
                0x080001f8                . = ALIGN (0x4)
 *(.text)
 .text          0x080001f8       0x40 c:/program files (x86)/atollic/truestudio for stm32 9.1.0/armtools/bin/../lib/gcc/arm-atollic-eabi/6.3.1/armv7e-m/fpu/fpv5-d16/crtbegin.o
 .text          0x08000238       0x30 c:/program files (x86)/atollic/truestudio for stm32 9.1.0/armtools/bin/../lib/gcc/arm-atollic-eabi/6.3.1/armv7e-m/fpu/fpv5-d16\libgcc.a(_aeabi_uldivmod.o)
                0x08000238                __aeabi_uldivmod
 .text          0x08000268      0x2dc c:/program files (x86)/atollic/truestudio for stm32 9.1.0/armtools/bin/../lib/gcc/arm-atollic-eabi/6.3.1/armv7e-m/fpu/fpv5-d16\libgcc.a(_udivmoddi4.o)
                0x08000268                __udivmoddi4
 .text          0x08000544        0x4 c:/program files (x86)/atollic/truestudio for stm32 9.1.0/armtools/bin/../lib/gcc/arm-atollic-eabi/6.3.1/armv7e-m/fpu/fpv5-d16\libgcc.a(_dvmd_tls.o)
                0x08000544                __aeabi_idiv0
                0x08000544                __aeabi_ldiv0
 *(.text*)
 .text.HAL_InitTick
                0x08000548       0x48 Drivers\STM32F7xx_HAL_Driver\Src\stm32f7xx_hal.o
                0x08000548                HAL_InitTick
 .text.HAL_Init
                0x08000590       0x16 Drivers\STM32F7xx_HAL_Driver\Src\stm32f7xx_hal.o
                0x08000590                HAL_Init
 *fill*         0x080005a6        0x2 
 .text.HAL_IncTick
                0x080005a8       0x18 Drivers\STM32F7xx_HAL_Driver\Src\stm32f7xx_hal.o
                0x080005a8                HAL_IncTick
 .text.HAL_GetTick
                0x080005c0        0xc Drivers\STM32F7xx_HAL_Driver\Src\stm32f7xx_hal.o
                0x080005c0                HAL_GetTick
 .text.HAL_Delay
                0x080005cc       0x24 Drivers\STM32F7xx_HAL_Driver\Src\stm32f7xx_hal.o
                0x080005cc                HAL_Delay
 .text.HAL_NVIC_SetPriorityGrouping
                0x080005f0       0x24 Drivers\STM32F7xx_HAL_Driver\Src\stm32f7xx_hal_cortex.o
                0x080005f0                HAL_NVIC_SetPriorityGrouping
 .text.HAL_NVIC_SetPriority
                0x08000614       0x70 Drivers\STM32F7xx_HAL_Driver\Src\stm32f7xx_hal_cortex.o
                0x08000614                HAL_NVIC_SetPriority
 .text.HAL_SYSTICK_Config
                0x08000684       0x2c Drivers\STM32F7xx_HAL_Driver\Src\stm32f7xx_hal_cortex.o
                0x08000684                HAL_SYSTICK_Config
 .text.HAL_SYSTICK_CLKSourceConfig
                0x080006b0       0x18 Drivers\STM32F7xx_HAL_Driver\Src\stm32f7xx_hal_cortex.o
                0x080006b0                HAL_SYSTICK_CLKSourceConfig
 .text.HAL_SYSTICK_Callback
                0x080006c8        0x2 Drivers\STM32F7xx_HAL_Driver\Src\stm32f7xx_hal_cortex.o
                0x080006c8                HAL_SYSTICK_Callback
 .text.HAL_SYSTICK_IRQHandler
                0x080006ca        0x8 Drivers\STM32F7xx_HAL_Driver\Src\stm32f7xx_hal_cortex.o
                0x080006ca                HAL_SYSTICK_IRQHandler
 .text.HAL_DMA_Start_IT
                0x080006d2       0x7a Drivers\STM32F7xx_HAL_Driver\Src\stm32f7xx_hal_dma.o
                0x080006d2                HAL_DMA_Start_IT
 .text.HAL_DMA_GetError
                0x0800074c        0x4 Drivers\STM32F7xx_HAL_Driver\Src\stm32f7xx_hal_dma.o
                0x0800074c                HAL_DMA_GetError
 .text.HAL_GPIO_Init
                0x08000750      0x1d4 Drivers\STM32F7xx_HAL_Driver\Src\stm32f7xx_hal_gpio.o
                0x08000750                HAL_GPIO_Init
 .text.JPEG_Bits_To_SizeCodes
                0x08000924       0x60 Drivers\STM32F7xx_HAL_Driver\Src\stm32f7xx_hal_jpeg.o
 .text.JPEG_DCHuff_BitsVals_To_SizeCodes
                0x08000984       0x50 Drivers\STM32F7xx_HAL_Driver\Src\stm32f7xx_hal_jpeg.o
 .text.JPEG_Set_HuffDC_Mem
                0x080009d4       0x7a Drivers\STM32F7xx_HAL_Driver\Src\stm32f7xx_hal_jpeg.o
 .text.JPEG_Set_HuffAC_Mem
                0x08000a4e       0xf2 Drivers\STM32F7xx_HAL_Driver\Src\stm32f7xx_hal_jpeg.o
 .text.HAL_JPEG_Init
                0x08000b40      0x278 Drivers\STM32F7xx_HAL_Driver\Src\stm32f7xx_hal_jpeg.o
                0x08000b40                HAL_JPEG_Init
 .text.HAL_PWREx_EnableOverDrive
                0x08000db8       0x70 Drivers\STM32F7xx_HAL_Driver\Src\stm32f7xx_hal_pwr_ex.o
                0x08000db8                HAL_PWREx_EnableOverDrive
 .text.HAL_RCC_OscConfig
                0x08000e28      0x328 Drivers\STM32F7xx_HAL_Driver\Src\stm32f7xx_hal_rcc.o
                0x08000e28                HAL_RCC_OscConfig
 .text.HAL_RCC_GetSysClockFreq
                0x08001150       0x5c Drivers\STM32F7xx_HAL_Driver\Src\stm32f7xx_hal_rcc.o
                0x08001150                HAL_RCC_GetSysClockFreq
 .text.HAL_RCC_ClockConfig
                0x080011ac      0x13c Drivers\STM32F7xx_HAL_Driver\Src\stm32f7xx_hal_rcc.o
                0x080011ac                HAL_RCC_ClockConfig
 .text.HAL_RCC_GetHCLKFreq
                0x080012e8        0xc Drivers\STM32F7xx_HAL_Driver\Src\stm32f7xx_hal_rcc.o
                0x080012e8                HAL_RCC_GetHCLKFreq
 .text.HAL_RCCEx_PeriphCLKConfig
                0x080012f4      0x55c Drivers\STM32F7xx_HAL_Driver\Src\stm32f7xx_hal_rcc_ex.o
                0x080012f4                HAL_RCCEx_PeriphCLKConfig
 .text.SD_DMATransmitCplt
                0x08001850        0xe Drivers\STM32F7xx_HAL_Driver\Src\stm32f7xx_hal_sd.o
 .text.SD_FindSCR
                0x0800185e       0xca Drivers\STM32F7xx_HAL_Driver\Src\stm32f7xx_hal_sd.o
 .text.HAL_SD_ReadBlocks_DMA
                0x08001928      0x104 Drivers\STM32F7xx_HAL_Driver\Src\stm32f7xx_hal_sd.o
                0x08001928                HAL_SD_ReadBlocks_DMA
 .text.HAL_SD_WriteBlocks_DMA
                0x08001a2c       0xf8 Drivers\STM32F7xx_HAL_Driver\Src\stm32f7xx_hal_sd.o
                0x08001a2c                HAL_SD_WriteBlocks_DMA
 .text.HAL_SD_ErrorCallback
                0x08001b24        0x2 Drivers\STM32F7xx_HAL_Driver\Src\stm32f7xx_hal_sd.o
                0x08001b24                HAL_SD_ErrorCallback
 .text.SD_DMAReceiveCplt
                0x08001b26       0x3c Drivers\STM32F7xx_HAL_Driver\Src\stm32f7xx_hal_sd.o
 .text.HAL_SD_GetCardCSD
                0x08001b62      0x1be Drivers\STM32F7xx_HAL_Driver\Src\stm32f7xx_hal_sd.o
                0x08001b62                HAL_SD_GetCardCSD
 .text.HAL_SD_InitCard
                0x08001d20      0x1e6 Drivers\STM32F7xx_HAL_Driver\Src\stm32f7xx_hal_sd.o
                0x08001d20                HAL_SD_InitCard
 .text.HAL_SD_Init
                0x08001f06       0x34 Drivers\STM32F7xx_HAL_Driver\Src\stm32f7xx_hal_sd.o
                0x08001f06                HAL_SD_Init
 .text.HAL_SD_GetCardInfo
                0x08001f3a       0x24 Drivers\STM32F7xx_HAL_Driver\Src\stm32f7xx_hal_sd.o
                0x08001f3a                HAL_SD_GetCardInfo
 .text.HAL_SD_ConfigWideBusOperation
                0x08001f5e      0x108 Drivers\STM32F7xx_HAL_Driver\Src\stm32f7xx_hal_sd.o
                0x08001f5e                HAL_SD_ConfigWideBusOperation
 .text.HAL_SD_GetCardState
                0x08002066       0x28 Drivers\STM32F7xx_HAL_Driver\Src\stm32f7xx_hal_sd.o
                0x08002066                HAL_SD_GetCardState
 .text.SD_DMAError
                0x0800208e       0x5c Drivers\STM32F7xx_HAL_Driver\Src\stm32f7xx_hal_sd.o
 *fill*         0x080020ea        0x2 
 .text.SDMMC_GetCmdResp2
                0x080020ec       0x4c Drivers\STM32F7xx_HAL_Driver\Src\stm32f7xx_ll_sdmmc.o
 .text.SDMMC_GetCmdResp3
                0x08002138       0x44 Drivers\STM32F7xx_HAL_Driver\Src\stm32f7xx_ll_sdmmc.o
 .text.SDMMC_Init
                0x0800217c       0x38 Drivers\STM32F7xx_HAL_Driver\Src\stm32f7xx_ll_sdmmc.o
                0x0800217c                SDMMC_Init
 .text.SDMMC_ReadFIFO
                0x080021b4        0x6 Drivers\STM32F7xx_HAL_Driver\Src\stm32f7xx_ll_sdmmc.o
                0x080021b4                SDMMC_ReadFIFO
 .text.SDMMC_PowerState_ON
                0x080021ba        0x8 Drivers\STM32F7xx_HAL_Driver\Src\stm32f7xx_ll_sdmmc.o
                0x080021ba                SDMMC_PowerState_ON
 .text.SDMMC_GetPowerState
                0x080021c2        0x8 Drivers\STM32F7xx_HAL_Driver\Src\stm32f7xx_ll_sdmmc.o
                0x080021c2                SDMMC_GetPowerState
 .text.SDMMC_SendCommand
                0x080021ca       0x26 Drivers\STM32F7xx_HAL_Driver\Src\stm32f7xx_ll_sdmmc.o
                0x080021ca                SDMMC_SendCommand
 .text.SDMMC_GetResponse
                0x080021f0       0x14 Drivers\STM32F7xx_HAL_Driver\Src\stm32f7xx_ll_sdmmc.o
                0x080021f0                SDMMC_GetResponse
 .text.SDMMC_GetCmdResp1
                0x08002204      0x11c Drivers\STM32F7xx_HAL_Driver\Src\stm32f7xx_ll_sdmmc.o
 .text.SDMMC_ConfigData
                0x08002320       0x26 Drivers\STM32F7xx_HAL_Driver\Src\stm32f7xx_ll_sdmmc.o
                0x08002320                SDMMC_ConfigData
 .text.SDMMC_CmdBlockLength
                0x08002346       0x30 Drivers\STM32F7xx_HAL_Driver\Src\stm32f7xx_ll_sdmmc.o
                0x08002346                SDMMC_CmdBlockLength
 .text.SDMMC_CmdReadSingleBlock
                0x08002376       0x30 Drivers\STM32F7xx_HAL_Driver\Src\stm32f7xx_ll_sdmmc.o
                0x08002376                SDMMC_CmdReadSingleBlock
 .text.SDMMC_CmdReadMultiBlock
                0x080023a6       0x30 Drivers\STM32F7xx_HAL_Driver\Src\stm32f7xx_ll_sdmmc.o
                0x080023a6                SDMMC_CmdReadMultiBlock
 .text.SDMMC_CmdWriteSingleBlock
                0x080023d6       0x30 Drivers\STM32F7xx_HAL_Driver\Src\stm32f7xx_ll_sdmmc.o
                0x080023d6                SDMMC_CmdWriteSingleBlock
 .text.SDMMC_CmdWriteMultiBlock
                0x08002406       0x30 Drivers\STM32F7xx_HAL_Driver\Src\stm32f7xx_ll_sdmmc.o
                0x08002406                SDMMC_CmdWriteMultiBlock
 *fill*         0x08002436        0x2 
 .text.SDMMC_CmdStopTransfer
                0x08002438       0x34 Drivers\STM32F7xx_HAL_Driver\Src\stm32f7xx_ll_sdmmc.o
                0x08002438                SDMMC_CmdStopTransfer
 .text.SDMMC_CmdSelDesel
                0x0800246c       0x30 Drivers\STM32F7xx_HAL_Driver\Src\stm32f7xx_ll_sdmmc.o
                0x0800246c                SDMMC_CmdSelDesel
 .text.SDMMC_CmdGoIdleState
                0x0800249c       0x50 Drivers\STM32F7xx_HAL_Driver\Src\stm32f7xx_ll_sdmmc.o
                0x0800249c                SDMMC_CmdGoIdleState
 .text.SDMMC_CmdOperCond
                0x080024ec       0x70 Drivers\STM32F7xx_HAL_Driver\Src\stm32f7xx_ll_sdmmc.o
                0x080024ec                SDMMC_CmdOperCond
 .text.SDMMC_CmdAppCommand
                0x0800255c       0x30 Drivers\STM32F7xx_HAL_Driver\Src\stm32f7xx_ll_sdmmc.o
                0x0800255c                SDMMC_CmdAppCommand
 .text.SDMMC_CmdAppOperCommand
                0x0800258c       0x32 Drivers\STM32F7xx_HAL_Driver\Src\stm32f7xx_ll_sdmmc.o
                0x0800258c                SDMMC_CmdAppOperCommand
 .text.SDMMC_CmdSendSCR
                0x080025be       0x30 Drivers\STM32F7xx_HAL_Driver\Src\stm32f7xx_ll_sdmmc.o
                0x080025be                SDMMC_CmdSendSCR
 .text.SDMMC_CmdSendCID
                0x080025ee       0x2a Drivers\STM32F7xx_HAL_Driver\Src\stm32f7xx_ll_sdmmc.o
                0x080025ee                SDMMC_CmdSendCID
 .text.SDMMC_CmdSendCSD
                0x08002618       0x2a Drivers\STM32F7xx_HAL_Driver\Src\stm32f7xx_ll_sdmmc.o
                0x08002618                SDMMC_CmdSendCSD
 *fill*         0x08002642        0x2 
 .text.SDMMC_CmdSetRelAdd
                0x08002644       0xa8 Drivers\STM32F7xx_HAL_Driver\Src\stm32f7xx_ll_sdmmc.o
                0x08002644                SDMMC_CmdSetRelAdd
 .text.SDMMC_CmdSendStatus
                0x080026ec       0x30 Drivers\STM32F7xx_HAL_Driver\Src\stm32f7xx_ll_sdmmc.o
                0x080026ec                SDMMC_CmdSendStatus
 .text.SDMMC_CmdSwitch
                0x0800271c       0x30 Drivers\STM32F7xx_HAL_Driver\Src\stm32f7xx_ll_sdmmc.o
                0x0800271c                SDMMC_CmdSwitch
 .text.SDMMC_CmdBusWidth
                0x0800274c        0x4 Drivers\STM32F7xx_HAL_Driver\Src\stm32f7xx_ll_sdmmc.o
                0x0800274c                SDMMC_CmdBusWidth
 .text.FATFS_LinkDriverEx
                0x08002750       0x44 Middlewares\Third_Party\FatFs\src\ff_gen_drv.o
                0x08002750                FATFS_LinkDriverEx
 .text.FATFS_LinkDriver
                0x08002794        0x6 Middlewares\Third_Party\FatFs\src\ff_gen_drv.o
                0x08002794                FATFS_LinkDriver
 *fill*         0x0800279a        0x2 
 .text.BSP_SD_Init
                0x0800279c       0x38 Src\bsp_driver_sd.o
                0x0800279c                BSP_SD_Init
 .text.BSP_SD_ReadBlocks_DMA
                0x080027d4       0x1c Src\bsp_driver_sd.o
                0x080027d4                BSP_SD_ReadBlocks_DMA
 .text.BSP_SD_WriteBlocks_DMA
                0x080027f0       0x1c Src\bsp_driver_sd.o
                0x080027f0                BSP_SD_WriteBlocks_DMA
 .text.BSP_SD_GetCardState
                0x0800280c       0x14 Src\bsp_driver_sd.o
                0x0800280c                BSP_SD_GetCardState
 .text.BSP_SD_GetCardInfo
                0x08002820        0xc Src\bsp_driver_sd.o
                0x08002820                BSP_SD_GetCardInfo
 .text.HAL_SD_RxCpltCallback
                0x0800282c        0x8 Src\bsp_driver_sd.o
                0x0800282c                HAL_SD_RxCpltCallback
 .text.MX_FATFS_Init
                0x08002834       0x1c Src\fatfs.o
                0x08002834                MX_FATFS_Init
 .text.SystemClock_Config
                0x08002850       0xc4 Src\main.o
                0x08002850                SystemClock_Config
 .text.startup.main
                0x08002914       0x70 Src\main.o
                0x08002914                main
 .text.SD_CheckStatus.isra.0
                0x08002984       0x20 Src\sd_diskio.o
 .text.SD_initialize
                0x080029a4       0x1c Src\sd_diskio.o
                0x080029a4                SD_initialize
 .text.SD_status
                0x080029c0        0x4 Src\sd_diskio.o
                0x080029c0                SD_status
 .text.SD_read  0x080029c4       0x60 Src\sd_diskio.o
                0x080029c4                SD_read
 .text.SD_write
                0x08002a24       0x60 Src\sd_diskio.o
                0x08002a24                SD_write
 .text.SD_ioctl
                0x08002a84       0x50 Src\sd_diskio.o
                0x08002a84                SD_ioctl
 .text.BSP_SD_ReadCpltCallback
                0x08002ad4        0xc Src\sd_diskio.o
                0x08002ad4                BSP_SD_ReadCpltCallback
 .text.HAL_MspInit
                0x08002ae0       0x8c Src\stm32f7xx_hal_msp.o
                0x08002ae0                HAL_MspInit
 .text.HAL_JPEG_MspInit
                0x08002b6c       0x2c Src\stm32f7xx_hal_msp.o
                0x08002b6c                HAL_JPEG_MspInit
 .text.HAL_SD_MspInit
                0x08002b98       0x68 Src\stm32f7xx_hal_msp.o
                0x08002b98                HAL_SD_MspInit
 .text.NMI_Handler
                0x08002c00        0x2 Src\stm32f7xx_it.o
                0x08002c00                NMI_Handler
 .text.HardFault_Handler
                0x08002c02        0x2 Src\stm32f7xx_it.o
                0x08002c02                HardFault_Handler
 .text.MemManage_Handler
                0x08002c04        0x2 Src\stm32f7xx_it.o
                0x08002c04                MemManage_Handler
 .text.BusFault_Handler
                0x08002c06        0x2 Src\stm32f7xx_it.o
                0x08002c06                BusFault_Handler
 .text.UsageFault_Handler
                0x08002c08        0x2 Src\stm32f7xx_it.o
                0x08002c08                UsageFault_Handler
 .text.SVC_Handler
                0x08002c0a        0x2 Src\stm32f7xx_it.o
                0x08002c0a                SVC_Handler
 .text.DebugMon_Handler
                0x08002c0c        0x2 Src\stm32f7xx_it.o
                0x08002c0c                DebugMon_Handler
 .text.PendSV_Handler
                0x08002c0e        0x2 Src\stm32f7xx_it.o
                0x08002c0e                PendSV_Handler
 .text.SysTick_Handler
                0x08002c10        0xe Src\stm32f7xx_it.o
                0x08002c10                SysTick_Handler
 *fill*         0x08002c1e        0x2 
 .text.SystemInit
                0x08002c20       0x4c Src\system_stm32f7xx.o
                0x08002c20                SystemInit
 .text.Reset_Handler
                0x08002c6c       0x50 startup\startup_stm32f767xx.o
                0x08002c6c                Reset_Handler
 .text.Default_Handler
                0x08002cbc        0x2 startup\startup_stm32f767xx.o
                0x08002cbc                RTC_Alarm_IRQHandler
                0x08002cbc                EXTI2_IRQHandler
                0x08002cbc                TIM8_CC_IRQHandler
                0x08002cbc                UART8_IRQHandler
                0x08002cbc                SPI4_IRQHandler
                0x08002cbc                TIM1_CC_IRQHandler
                0x08002cbc                DMA2_Stream5_IRQHandler
                0x08002cbc                JPEG_IRQHandler
                0x08002cbc                DMA1_Stream5_IRQHandler
                0x08002cbc                CAN3_RX1_IRQHandler
                0x08002cbc                PVD_IRQHandler
                0x08002cbc                TAMP_STAMP_IRQHandler
                0x08002cbc                CAN2_RX1_IRQHandler
                0x08002cbc                EXTI3_IRQHandler
                0x08002cbc                TIM8_TRG_COM_TIM14_IRQHandler
                0x08002cbc                DFSDM1_FLT1_IRQHandler
                0x08002cbc                TIM1_UP_TIM10_IRQHandler
                0x08002cbc                TIM8_UP_TIM13_IRQHandler
                0x08002cbc                I2C3_ER_IRQHandler
                0x08002cbc                DFSDM1_FLT2_IRQHandler
                0x08002cbc                EXTI0_IRQHandler
                0x08002cbc                I2C2_EV_IRQHandler
                0x08002cbc                DMA1_Stream2_IRQHandler
                0x08002cbc                CAN1_RX0_IRQHandler
                0x08002cbc                FPU_IRQHandler
                0x08002cbc                OTG_HS_WKUP_IRQHandler
                0x08002cbc                CAN3_SCE_IRQHandler
                0x08002cbc                LTDC_ER_IRQHandler
                0x08002cbc                CAN2_SCE_IRQHandler
                0x08002cbc                DMA2_Stream2_IRQHandler
                0x08002cbc                SPI1_IRQHandler
                0x08002cbc                TIM6_DAC_IRQHandler
                0x08002cbc                TIM1_BRK_TIM9_IRQHandler
                0x08002cbc                DCMI_IRQHandler
                0x08002cbc                CAN2_RX0_IRQHandler
                0x08002cbc                DMA2_Stream3_IRQHandler
                0x08002cbc                SAI2_IRQHandler
                0x08002cbc                DFSDM1_FLT3_IRQHandler
                0x08002cbc                USART6_IRQHandler
                0x08002cbc                CAN3_RX0_IRQHandler
                0x08002cbc                USART3_IRQHandler
                0x08002cbc                CAN1_RX1_IRQHandler
                0x08002cbc                UART5_IRQHandler
                0x08002cbc                DMA2_Stream0_IRQHandler
                0x08002cbc                TIM4_IRQHandler
                0x08002cbc                QUADSPI_IRQHandler
                0x08002cbc                I2C1_EV_IRQHandler
                0x08002cbc                DMA1_Stream6_IRQHandler
                0x08002cbc                DMA1_Stream1_IRQHandler
                0x08002cbc                UART4_IRQHandler
                0x08002cbc                TIM3_IRQHandler
                0x08002cbc                RCC_IRQHandler
                0x08002cbc                TIM8_BRK_TIM12_IRQHandler
                0x08002cbc                Default_Handler
                0x08002cbc                CEC_IRQHandler
                0x08002cbc                EXTI15_10_IRQHandler
                0x08002cbc                ADC_IRQHandler
                0x08002cbc                DMA1_Stream7_IRQHandler
                0x08002cbc                SPI5_IRQHandler
                0x08002cbc                TIM7_IRQHandler
                0x08002cbc                SDMMC1_IRQHandler
                0x08002cbc                CAN2_TX_IRQHandler
                0x08002cbc                TIM5_IRQHandler
                0x08002cbc                DMA2_Stream7_IRQHandler
                0x08002cbc                I2C3_EV_IRQHandler
                0x08002cbc                EXTI9_5_IRQHandler
                0x08002cbc                RTC_WKUP_IRQHandler
                0x08002cbc                LTDC_IRQHandler
                0x08002cbc                ETH_WKUP_IRQHandler
                0x08002cbc                SPDIF_RX_IRQHandler
                0x08002cbc                SPI2_IRQHandler
                0x08002cbc                OTG_HS_EP1_IN_IRQHandler
                0x08002cbc                DMA1_Stream0_IRQHandler
                0x08002cbc                CAN1_TX_IRQHandler
                0x08002cbc                EXTI4_IRQHandler
                0x08002cbc                RNG_IRQHandler
                0x08002cbc                ETH_IRQHandler
                0x08002cbc                OTG_HS_EP1_OUT_IRQHandler
                0x08002cbc                WWDG_IRQHandler
                0x08002cbc                SPI6_IRQHandler
                0x08002cbc                MDIOS_IRQHandler
                0x08002cbc                I2C4_EV_IRQHandler
                0x08002cbc                CAN3_TX_IRQHandler
                0x08002cbc                TIM2_IRQHandler
                0x08002cbc                OTG_FS_WKUP_IRQHandler
                0x08002cbc                TIM1_TRG_COM_TIM11_IRQHandler
                0x08002cbc                OTG_HS_IRQHandler
                0x08002cbc                DMA2D_IRQHandler
                0x08002cbc                EXTI1_IRQHandler
                0x08002cbc                SDMMC2_IRQHandler
                0x08002cbc                UART7_IRQHandler
                0x08002cbc                USART2_IRQHandler
                0x08002cbc                DFSDM1_FLT0_IRQHandler
                0x08002cbc                I2C2_ER_IRQHandler
                0x08002cbc                DMA2_Stream1_IRQHandler
                0x08002cbc                CAN1_SCE_IRQHandler
                0x08002cbc                FLASH_IRQHandler
                0x08002cbc                DMA2_Stream4_IRQHandler
                0x08002cbc                USART1_IRQHandler
                0x08002cbc                OTG_FS_IRQHandler
                0x08002cbc                SPI3_IRQHandler
                0x08002cbc                DMA1_Stream4_IRQHandler
                0x08002cbc                I2C1_ER_IRQHandler
                0x08002cbc                FMC_IRQHandler
                0x08002cbc                LPTIM1_IRQHandler
                0x08002cbc                I2C4_ER_IRQHandler
                0x08002cbc                DMA2_Stream6_IRQHandler
                0x08002cbc                SAI1_IRQHandler
                0x08002cbc                DMA1_Stream3_IRQHandler
 *fill*         0x08002cbe        0x2 
 .text.__libc_init_array
                0x08002cc0       0x48 c:/program files (x86)/atollic/truestudio for stm32 9.1.0/armtools/bin/../lib/gcc/arm-atollic-eabi/6.3.1/../../../../arm-atollic-eabi/lib/armv7e-m/fpu/fpv5-d16\libc_nano.a(lib_a-init.o)
                0x08002cc0                __libc_init_array
 *(.glue_7)
 .glue_7        0x08002d08        0x0 linker stubs
 *(.glue_7t)
 .glue_7t       0x08002d08        0x0 linker stubs
 *(.eh_frame)
 .eh_frame      0x08002d08        0x0 c:/program files (x86)/atollic/truestudio for stm32 9.1.0/armtools/bin/../lib/gcc/arm-atollic-eabi/6.3.1/armv7e-m/fpu/fpv5-d16/crtbegin.o
 *(.init)
 .init          0x08002d08        0x4 c:/program files (x86)/atollic/truestudio for stm32 9.1.0/armtools/bin/../lib/gcc/arm-atollic-eabi/6.3.1/armv7e-m/fpu/fpv5-d16/crti.o
                0x08002d08                _init
 .init          0x08002d0c        0x8 c:/program files (x86)/atollic/truestudio for stm32 9.1.0/armtools/bin/../lib/gcc/arm-atollic-eabi/6.3.1/armv7e-m/fpu/fpv5-d16/crtn.o
 *(.fini)
 .fini          0x08002d14        0x4 c:/program files (x86)/atollic/truestudio for stm32 9.1.0/armtools/bin/../lib/gcc/arm-atollic-eabi/6.3.1/armv7e-m/fpu/fpv5-d16/crti.o
                0x08002d14                _fini
 .fini          0x08002d18        0x8 c:/program files (x86)/atollic/truestudio for stm32 9.1.0/armtools/bin/../lib/gcc/arm-atollic-eabi/6.3.1/armv7e-m/fpu/fpv5-d16/crtn.o
                0x08002d20                . = ALIGN (0x4)
                0x08002d20                _etext = .

.vfp11_veneer   0x08002d20        0x0
 .vfp11_veneer  0x08002d20        0x0 linker stubs

.v4_bx          0x08002d20        0x0
 .v4_bx         0x08002d20        0x0 linker stubs

.iplt           0x08002d20        0x0
 .iplt          0x08002d20        0x0 c:/program files (x86)/atollic/truestudio for stm32 9.1.0/armtools/bin/../lib/gcc/arm-atollic-eabi/6.3.1/armv7e-m/fpu/fpv5-d16/crtbegin.o

.rodata         0x08002d20      0x240
                0x08002d20                . = ALIGN (0x4)
 *(.rodata)
 *(.rodata*)
 .rodata.JPEG_ACCHROM_HuffTable
                0x08002d20       0xb2 Drivers\STM32F7xx_HAL_Driver\Src\stm32f7xx_hal_jpeg.o
 .rodata.JPEG_ACLUM_HuffTable
                0x08002dd2       0xb2 Drivers\STM32F7xx_HAL_Driver\Src\stm32f7xx_hal_jpeg.o
 .rodata.JPEG_CHROM_QuantTable
                0x08002e84       0x40 Drivers\STM32F7xx_HAL_Driver\Src\stm32f7xx_hal_jpeg.o
 .rodata.JPEG_DCCHROM_HuffTable
                0x08002ec4       0x1c Drivers\STM32F7xx_HAL_Driver\Src\stm32f7xx_hal_jpeg.o
 .rodata.JPEG_DCLUM_HuffTable
                0x08002ee0       0x1c Drivers\STM32F7xx_HAL_Driver\Src\stm32f7xx_hal_jpeg.o
 .rodata.JPEG_LUM_QuantTable
                0x08002efc       0x40 Drivers\STM32F7xx_HAL_Driver\Src\stm32f7xx_hal_jpeg.o
 .rodata.SD_Driver
                0x08002f3c       0x14 Src\sd_diskio.o
                0x08002f3c                SD_Driver
 .rodata.AHBPrescTable
                0x08002f50       0x10 Src\system_stm32f7xx.o
                0x08002f50                AHBPrescTable
                0x08002f60                . = ALIGN (0x4)

.ARM.extab
 *(.ARM.extab* .gnu.linkonce.armextab.*)

.ARM            0x08002f60        0x8
                0x08002f60                __exidx_start = .
 *(.ARM.exidx*)
 .ARM.exidx     0x08002f60        0x8 c:/program files (x86)/atollic/truestudio for stm32 9.1.0/armtools/bin/../lib/gcc/arm-atollic-eabi/6.3.1/armv7e-m/fpu/fpv5-d16\libgcc.a(_udivmoddi4.o)
                0x08002f68                __exidx_end = .

.rel.dyn        0x08002f68        0x0
 .rel.iplt      0x08002f68        0x0 c:/program files (x86)/atollic/truestudio for stm32 9.1.0/armtools/bin/../lib/gcc/arm-atollic-eabi/6.3.1/armv7e-m/fpu/fpv5-d16/crtbegin.o

.preinit_array  0x08002f68        0x0
                0x08002f68                PROVIDE (__preinit_array_start, .)
 *(.preinit_array*)
                0x08002f68                PROVIDE (__preinit_array_end, .)

.init_array     0x08002f68        0x4
                0x08002f68                PROVIDE (__init_array_start, .)
 *(SORT(.init_array.*))
 *(.init_array*)
 .init_array    0x08002f68        0x4 c:/program files (x86)/atollic/truestudio for stm32 9.1.0/armtools/bin/../lib/gcc/arm-atollic-eabi/6.3.1/armv7e-m/fpu/fpv5-d16/crtbegin.o
                0x08002f6c                PROVIDE (__init_array_end, .)

.fini_array     0x08002f6c        0x4
                [!provide]                PROVIDE (__fini_array_start, .)
 *(SORT(.fini_array.*))
 *(.fini_array*)
 .fini_array    0x08002f6c        0x4 c:/program files (x86)/atollic/truestudio for stm32 9.1.0/armtools/bin/../lib/gcc/arm-atollic-eabi/6.3.1/armv7e-m/fpu/fpv5-d16/crtbegin.o
                [!provide]                PROVIDE (__fini_array_end, .)
                0x08002f70                _sidata = LOADADDR (.data)

.data           0x20000000       0x10 load address 0x08002f70
                0x20000000                . = ALIGN (0x4)
                0x20000000                _sdata = .
 *(.data)
 *(.data*)
 .data.uwTickFreq
                0x20000000        0x1 Drivers\STM32F7xx_HAL_Driver\Src\stm32f7xx_hal.o
                0x20000000                uwTickFreq
 *fill*         0x20000001        0x3 
 .data.uwTickPrio
                0x20000004        0x4 Drivers\STM32F7xx_HAL_Driver\Src\stm32f7xx_hal.o
                0x20000004                uwTickPrio
 .data.Stat     0x20000008        0x1 Src\sd_diskio.o
 *fill*         0x20000009        0x3 
 .data.SystemCoreClock
                0x2000000c        0x4 Src\system_stm32f7xx.o
                0x2000000c                SystemCoreClock
                0x20000010                . = ALIGN (0x4)
                0x20000010                _edata = .

.igot.plt       0x20000010        0x0 load address 0x08002f80
 .igot.plt      0x20000010        0x0 c:/program files (x86)/atollic/truestudio for stm32 9.1.0/armtools/bin/../lib/gcc/arm-atollic-eabi/6.3.1/armv7e-m/fpu/fpv5-d16/crtbegin.o
                0x20000010                . = ALIGN (0x4)

.bss            0x20000010      0x574 load address 0x08002f80
                0x20000010                _sbss = .
                0x20000010                __bss_start__ = _sbss
 *(.bss)
 .bss           0x20000010       0x1c c:/program files (x86)/atollic/truestudio for stm32 9.1.0/armtools/bin/../lib/gcc/arm-atollic-eabi/6.3.1/armv7e-m/fpu/fpv5-d16/crtbegin.o
 *(.bss*)
 .bss.disk      0x2000002c        0xc Middlewares\Third_Party\FatFs\src\ff_gen_drv.o
                0x2000002c                disk
 .bss.ReadStatus
                0x20000038        0x4 Src\sd_diskio.o
 .bss.WriteStatus
                0x2000003c        0x4 Src\sd_diskio.o
 *(COMMON)
 COMMON         0x20000040        0x4 Drivers\STM32F7xx_HAL_Driver\Src\stm32f7xx_hal.o
                0x20000040                uwTick
 COMMON         0x20000044      0x468 Src\fatfs.o
                0x20000044                retSD
                0x20000045                SDPath
                0x2000004c                SDFile
                0x2000027c                SDFatFS
 COMMON         0x200004ac       0xd8 Src\main.o
                0x200004ac                hsd1
                0x20000530                hjpeg
                0x20000584                . = ALIGN (0x4)
                0x20000584                _ebss = .
                0x20000584                __bss_end__ = _ebss

._user_heap_stack
                0x20000584      0x600 load address 0x08002f80
                0x20000584                . = ALIGN (0x4)
                [!provide]                PROVIDE (end, .)
                [!provide]                PROVIDE (_end, .)
                0x20000784                . = (. + _Min_Heap_Size)
 *fill*         0x20000584      0x200 
                0x20000b84                . = (. + _Min_Stack_Size)
 *fill*         0x20000784      0x400 
                0x20000b84                . = ALIGN (0x4)

/DISCARD/
 libc.a(*)
 libm.a(*)
 libgcc.a(*)

.ARM.attributes
                0x00000000       0x2e
 *(.ARM.attributes)
 .ARM.attributes
                0x00000000       0x20 c:/program files (x86)/atollic/truestudio for stm32 9.1.0/armtools/bin/../lib/gcc/arm-atollic-eabi/6.3.1/armv7e-m/fpu/fpv5-d16/crti.o
 .ARM.attributes
                0x00000020       0x32 c:/program files (x86)/atollic/truestudio for stm32 9.1.0/armtools/bin/../lib/gcc/arm-atollic-eabi/6.3.1/armv7e-m/fpu/fpv5-d16/crtbegin.o
 .ARM.attributes
                0x00000052       0x37 Drivers\STM32F7xx_HAL_Driver\Src\stm32f7xx_hal.o
 .ARM.attributes
                0x00000089       0x37 Drivers\STM32F7xx_HAL_Driver\Src\stm32f7xx_hal_cortex.o
 .ARM.attributes
                0x000000c0       0x37 Drivers\STM32F7xx_HAL_Driver\Src\stm32f7xx_hal_dma.o
 .ARM.attributes
                0x000000f7       0x37 Drivers\STM32F7xx_HAL_Driver\Src\stm32f7xx_hal_gpio.o
 .ARM.attributes
                0x0000012e       0x37 Drivers\STM32F7xx_HAL_Driver\Src\stm32f7xx_hal_jpeg.o
 .ARM.attributes
                0x00000165       0x37 Drivers\STM32F7xx_HAL_Driver\Src\stm32f7xx_hal_pwr_ex.o
 .ARM.attributes
                0x0000019c       0x37 Drivers\STM32F7xx_HAL_Driver\Src\stm32f7xx_hal_rcc.o
 .ARM.attributes
                0x000001d3       0x37 Drivers\STM32F7xx_HAL_Driver\Src\stm32f7xx_hal_rcc_ex.o
 .ARM.attributes
                0x0000020a       0x37 Drivers\STM32F7xx_HAL_Driver\Src\stm32f7xx_hal_sd.o
 .ARM.attributes
                0x00000241       0x37 Drivers\STM32F7xx_HAL_Driver\Src\stm32f7xx_ll_sdmmc.o
 .ARM.attributes
                0x00000278       0x37 Middlewares\Third_Party\FatFs\src\ff_gen_drv.o
 .ARM.attributes
                0x000002af       0x37 Src\bsp_driver_sd.o
 .ARM.attributes
                0x000002e6       0x37 Src\fatfs.o
 .ARM.attributes
                0x0000031d       0x37 Src\main.o
 .ARM.attributes
                0x00000354       0x37 Src\sd_diskio.o
 .ARM.attributes
                0x0000038b       0x37 Src\stm32f7xx_hal_msp.o
 .ARM.attributes
                0x000003c2       0x37 Src\stm32f7xx_it.o
 .ARM.attributes
                0x000003f9       0x37 Src\system_stm32f7xx.o
 .ARM.attributes
                0x00000430       0x21 startup\startup_stm32f767xx.o
 .ARM.attributes
                0x00000451       0x32 c:/program files (x86)/atollic/truestudio for stm32 9.1.0/armtools/bin/../lib/gcc/arm-atollic-eabi/6.3.1/../../../../arm-atollic-eabi/lib/armv7e-m/fpu/fpv5-d16\libc_nano.a(lib_a-init.o)
 .ARM.attributes
                0x00000483       0x20 c:/program files (x86)/atollic/truestudio for stm32 9.1.0/armtools/bin/../lib/gcc/arm-atollic-eabi/6.3.1/armv7e-m/fpu/fpv5-d16\libgcc.a(_aeabi_uldivmod.o)
 .ARM.attributes
                0x000004a3       0x32 c:/program files (x86)/atollic/truestudio for stm32 9.1.0/armtools/bin/../lib/gcc/arm-atollic-eabi/6.3.1/armv7e-m/fpu/fpv5-d16\libgcc.a(_udivmoddi4.o)
 .ARM.attributes
                0x000004d5       0x20 c:/program files (x86)/atollic/truestudio for stm32 9.1.0/armtools/bin/../lib/gcc/arm-atollic-eabi/6.3.1/armv7e-m/fpu/fpv5-d16\libgcc.a(_dvmd_tls.o)
 .ARM.attributes
                0x000004f5       0x20 c:/program files (x86)/atollic/truestudio for stm32 9.1.0/armtools/bin/../lib/gcc/arm-atollic-eabi/6.3.1/armv7e-m/fpu/fpv5-d16/crtn.o
OUTPUT(EDAMAME_v3.elf elf32-littlearm)

.debug_info     0x00000000    0x18c4c
 .debug_info    0x00000000     0x1303 Drivers\STM32F7xx_HAL_Driver\Src\stm32f7xx_hal.o
 .debug_info    0x00001303     0x19a8 Drivers\STM32F7xx_HAL_Driver\Src\stm32f7xx_hal_cortex.o
 .debug_info    0x00002cab     0x125c Drivers\STM32F7xx_HAL_Driver\Src\stm32f7xx_hal_dma.o
 .debug_info    0x00003f07      0xfbc Drivers\STM32F7xx_HAL_Driver\Src\stm32f7xx_hal_gpio.o
 .debug_info    0x00004ec3     0x2add Drivers\STM32F7xx_HAL_Driver\Src\stm32f7xx_hal_jpeg.o
 .debug_info    0x000079a0     0x122c Drivers\STM32F7xx_HAL_Driver\Src\stm32f7xx_hal_pwr_ex.o
 .debug_info    0x00008bcc     0x1367 Drivers\STM32F7xx_HAL_Driver\Src\stm32f7xx_hal_rcc.o
 .debug_info    0x00009f33     0x108a Drivers\STM32F7xx_HAL_Driver\Src\stm32f7xx_hal_rcc_ex.o
 .debug_info    0x0000afbd     0x2aa1 Drivers\STM32F7xx_HAL_Driver\Src\stm32f7xx_hal_sd.o
 .debug_info    0x0000da5e     0x1ee5 Drivers\STM32F7xx_HAL_Driver\Src\stm32f7xx_ll_sdmmc.o
 .debug_info    0x0000f943      0xcff Middlewares\Third_Party\FatFs\src\ff_gen_drv.o
 .debug_info    0x00010642     0x13d9 Src\bsp_driver_sd.o
 .debug_info    0x00011a1b      0xd54 Src\fatfs.o
 .debug_info    0x0001276f     0x20ff Src\main.o
 .debug_info    0x0001486e      0xfd7 Src\sd_diskio.o
 .debug_info    0x00015845     0x1aa0 Src\stm32f7xx_hal_msp.o
 .debug_info    0x000172e5      0x9de Src\stm32f7xx_it.o
 .debug_info    0x00017cc3      0xf05 Src\system_stm32f7xx.o
 .debug_info    0x00018bc8       0x84 startup\startup_stm32f767xx.o

.debug_abbrev   0x00000000     0x33ce
 .debug_abbrev  0x00000000      0x2f9 Drivers\STM32F7xx_HAL_Driver\Src\stm32f7xx_hal.o
 .debug_abbrev  0x000002f9      0x399 Drivers\STM32F7xx_HAL_Driver\Src\stm32f7xx_hal_cortex.o
 .debug_abbrev  0x00000692      0x34a Drivers\STM32F7xx_HAL_Driver\Src\stm32f7xx_hal_dma.o
 .debug_abbrev  0x000009dc      0x268 Drivers\STM32F7xx_HAL_Driver\Src\stm32f7xx_hal_gpio.o
 .debug_abbrev  0x00000c44      0x3da Drivers\STM32F7xx_HAL_Driver\Src\stm32f7xx_hal_jpeg.o
 .debug_abbrev  0x0000101e      0x2b6 Drivers\STM32F7xx_HAL_Driver\Src\stm32f7xx_hal_pwr_ex.o
 .debug_abbrev  0x000012d4      0x35e Drivers\STM32F7xx_HAL_Driver\Src\stm32f7xx_hal_rcc.o
 .debug_abbrev  0x00001632      0x25f Drivers\STM32F7xx_HAL_Driver\Src\stm32f7xx_hal_rcc_ex.o
 .debug_abbrev  0x00001891      0x3bc Drivers\STM32F7xx_HAL_Driver\Src\stm32f7xx_hal_sd.o
 .debug_abbrev  0x00001c4d      0x345 Drivers\STM32F7xx_HAL_Driver\Src\stm32f7xx_ll_sdmmc.o
 .debug_abbrev  0x00001f92      0x2a5 Middlewares\Third_Party\FatFs\src\ff_gen_drv.o
 .debug_abbrev  0x00002237      0x2e2 Src\bsp_driver_sd.o
 .debug_abbrev  0x00002519      0x204 Src\fatfs.o
 .debug_abbrev  0x0000271d      0x323 Src\main.o
 .debug_abbrev  0x00002a40      0x337 Src\sd_diskio.o
 .debug_abbrev  0x00002d77      0x262 Src\stm32f7xx_hal_msp.o
 .debug_abbrev  0x00002fd9      0x1fd Src\stm32f7xx_it.o
 .debug_abbrev  0x000031d6      0x1e6 Src\system_stm32f7xx.o
 .debug_abbrev  0x000033bc       0x12 startup\startup_stm32f767xx.o

.debug_loc      0x00000000     0x7745
 .debug_loc     0x00000000      0x11b Drivers\STM32F7xx_HAL_Driver\Src\stm32f7xx_hal.o
 .debug_loc     0x0000011b      0x536 Drivers\STM32F7xx_HAL_Driver\Src\stm32f7xx_hal_cortex.o
 .debug_loc     0x00000651      0x7ed Drivers\STM32F7xx_HAL_Driver\Src\stm32f7xx_hal_dma.o
 .debug_loc     0x00000e3e      0x3cd Drivers\STM32F7xx_HAL_Driver\Src\stm32f7xx_hal_gpio.o
 .debug_loc     0x0000120b     0x23b1 Drivers\STM32F7xx_HAL_Driver\Src\stm32f7xx_hal_jpeg.o
 .debug_loc     0x000035bc      0x1c2 Drivers\STM32F7xx_HAL_Driver\Src\stm32f7xx_hal_pwr_ex.o
 .debug_loc     0x0000377e      0x40a Drivers\STM32F7xx_HAL_Driver\Src\stm32f7xx_hal_rcc.o
 .debug_loc     0x00003b88      0x5dc Drivers\STM32F7xx_HAL_Driver\Src\stm32f7xx_hal_rcc_ex.o
 .debug_loc     0x00004164     0x1aec Drivers\STM32F7xx_HAL_Driver\Src\stm32f7xx_hal_sd.o
 .debug_loc     0x00005c50      0xeea Drivers\STM32F7xx_HAL_Driver\Src\stm32f7xx_ll_sdmmc.o
 .debug_loc     0x00006b3a      0x216 Middlewares\Third_Party\FatFs\src\ff_gen_drv.o
 .debug_loc     0x00006d50      0x435 Src\bsp_driver_sd.o
 .debug_loc     0x00007185      0x457 Src\sd_diskio.o
 .debug_loc     0x000075dc       0x4d Src\stm32f7xx_hal_msp.o
 .debug_loc     0x00007629      0x11c Src\system_stm32f7xx.o

.debug_aranges  0x00000000      0x9d8
 .debug_aranges
                0x00000000      0x108 Drivers\STM32F7xx_HAL_Driver\Src\stm32f7xx_hal.o
 .debug_aranges
                0x00000108       0xa8 Drivers\STM32F7xx_HAL_Driver\Src\stm32f7xx_hal_cortex.o
 .debug_aranges
                0x000001b0       0x80 Drivers\STM32F7xx_HAL_Driver\Src\stm32f7xx_hal_dma.o
 .debug_aranges
                0x00000230       0x58 Drivers\STM32F7xx_HAL_Driver\Src\stm32f7xx_hal_gpio.o
 .debug_aranges
                0x00000288      0x160 Drivers\STM32F7xx_HAL_Driver\Src\stm32f7xx_hal_jpeg.o
 .debug_aranges
                0x000003e8       0x80 Drivers\STM32F7xx_HAL_Driver\Src\stm32f7xx_hal_pwr_ex.o
 .debug_aranges
                0x00000468       0x88 Drivers\STM32F7xx_HAL_Driver\Src\stm32f7xx_hal_rcc.o
 .debug_aranges
                0x000004f0       0x50 Drivers\STM32F7xx_HAL_Driver\Src\stm32f7xx_hal_rcc_ex.o
 .debug_aranges
                0x00000540       0xf8 Drivers\STM32F7xx_HAL_Driver\Src\stm32f7xx_hal_sd.o
 .debug_aranges
                0x00000638      0x150 Drivers\STM32F7xx_HAL_Driver\Src\stm32f7xx_ll_sdmmc.o
 .debug_aranges
                0x00000788       0x40 Middlewares\Third_Party\FatFs\src\ff_gen_drv.o
 .debug_aranges
                0x000007c8       0x88 Src\bsp_driver_sd.o
 .debug_aranges
                0x00000850       0x28 Src\fatfs.o
 .debug_aranges
                0x00000878       0x30 Src\main.o
 .debug_aranges
                0x000008a8       0x58 Src\sd_diskio.o
 .debug_aranges
                0x00000900       0x40 Src\stm32f7xx_hal_msp.o
 .debug_aranges
                0x00000940       0x48 Src\stm32f7xx_it.o
 .debug_aranges
                0x00000988       0x28 Src\system_stm32f7xx.o
 .debug_aranges
                0x000009b0       0x28 startup\startup_stm32f767xx.o

.debug_ranges   0x00000000      0xeb0
 .debug_ranges  0x00000000       0xf8 Drivers\STM32F7xx_HAL_Driver\Src\stm32f7xx_hal.o
 .debug_ranges  0x000000f8      0x138 Drivers\STM32F7xx_HAL_Driver\Src\stm32f7xx_hal_cortex.o
 .debug_ranges  0x00000230       0xd0 Drivers\STM32F7xx_HAL_Driver\Src\stm32f7xx_hal_dma.o
 .debug_ranges  0x00000300       0x70 Drivers\STM32F7xx_HAL_Driver\Src\stm32f7xx_hal_gpio.o
 .debug_ranges  0x00000370      0x288 Drivers\STM32F7xx_HAL_Driver\Src\stm32f7xx_hal_jpeg.o
 .debug_ranges  0x000005f8       0xe8 Drivers\STM32F7xx_HAL_Driver\Src\stm32f7xx_hal_pwr_ex.o
 .debug_ranges  0x000006e0       0xf0 Drivers\STM32F7xx_HAL_Driver\Src\stm32f7xx_hal_rcc.o
 .debug_ranges  0x000007d0       0x58 Drivers\STM32F7xx_HAL_Driver\Src\stm32f7xx_hal_rcc_ex.o
 .debug_ranges  0x00000828      0x1f8 Drivers\STM32F7xx_HAL_Driver\Src\stm32f7xx_hal_sd.o
 .debug_ranges  0x00000a20      0x1b8 Drivers\STM32F7xx_HAL_Driver\Src\stm32f7xx_ll_sdmmc.o
 .debug_ranges  0x00000bd8       0x30 Middlewares\Third_Party\FatFs\src\ff_gen_drv.o
 .debug_ranges  0x00000c08       0x90 Src\bsp_driver_sd.o
 .debug_ranges  0x00000c98       0x18 Src\fatfs.o
 .debug_ranges  0x00000cb0       0xb0 Src\main.o
 .debug_ranges  0x00000d60       0x60 Src\sd_diskio.o
 .debug_ranges  0x00000dc0       0x80 Src\stm32f7xx_hal_msp.o
 .debug_ranges  0x00000e40       0x38 Src\stm32f7xx_it.o
 .debug_ranges  0x00000e78       0x18 Src\system_stm32f7xx.o
 .debug_ranges  0x00000e90       0x20 startup\startup_stm32f767xx.o

.debug_line     0x00000000     0x617d
 .debug_line    0x00000000      0x4e2 Drivers\STM32F7xx_HAL_Driver\Src\stm32f7xx_hal.o
 .debug_line    0x000004e2      0x4e3 Drivers\STM32F7xx_HAL_Driver\Src\stm32f7xx_hal_cortex.o
 .debug_line    0x000009c5      0x60e Drivers\STM32F7xx_HAL_Driver\Src\stm32f7xx_hal_dma.o
 .debug_line    0x00000fd3      0x4a8 Drivers\STM32F7xx_HAL_Driver\Src\stm32f7xx_hal_gpio.o
 .debug_line    0x0000147b      0xe28 Drivers\STM32F7xx_HAL_Driver\Src\stm32f7xx_hal_jpeg.o
 .debug_line    0x000022a3      0x43c Drivers\STM32F7xx_HAL_Driver\Src\stm32f7xx_hal_pwr_ex.o
 .debug_line    0x000026df      0x656 Drivers\STM32F7xx_HAL_Driver\Src\stm32f7xx_hal_rcc.o
 .debug_line    0x00002d35      0x511 Drivers\STM32F7xx_HAL_Driver\Src\stm32f7xx_hal_rcc_ex.o
 .debug_line    0x00003246      0xafd Drivers\STM32F7xx_HAL_Driver\Src\stm32f7xx_hal_sd.o
 .debug_line    0x00003d43      0x7e7 Drivers\STM32F7xx_HAL_Driver\Src\stm32f7xx_ll_sdmmc.o
 .debug_line    0x0000452a      0x341 Middlewares\Third_Party\FatFs\src\ff_gen_drv.o
 .debug_line    0x0000486b      0x3c4 Src\bsp_driver_sd.o
 .debug_line    0x00004c2f      0x315 Src\fatfs.o
 .debug_line    0x00004f44      0x49a Src\main.o
 .debug_line    0x000053de      0x43a Src\sd_diskio.o
 .debug_line    0x00005818      0x3a1 Src\stm32f7xx_hal_msp.o
 .debug_line    0x00005bb9      0x2d1 Src\stm32f7xx_it.o
 .debug_line    0x00005e8a      0x274 Src\system_stm32f7xx.o
 .debug_line    0x000060fe       0x7f startup\startup_stm32f767xx.o

.debug_str      0x00000000     0x451e
 .debug_str     0x00000000     0x1103 Drivers\STM32F7xx_HAL_Driver\Src\stm32f7xx_hal.o
                               0x11b6 (size before relaxing)
 .debug_str     0x00001103      0x48e Drivers\STM32F7xx_HAL_Driver\Src\stm32f7xx_hal_cortex.o
                               0x12b9 (size before relaxing)
 .debug_str     0x00001591      0x529 Drivers\STM32F7xx_HAL_Driver\Src\stm32f7xx_hal_dma.o
                                0xbf6 (size before relaxing)
 .debug_str     0x00001aba      0x1b2 Drivers\STM32F7xx_HAL_Driver\Src\stm32f7xx_hal_gpio.o
                                0x98d (size before relaxing)
 .debug_str     0x00001c6c      0xb87 Drivers\STM32F7xx_HAL_Driver\Src\stm32f7xx_hal_jpeg.o
                               0x14c6 (size before relaxing)
 .debug_str     0x000027f3      0x21a Drivers\STM32F7xx_HAL_Driver\Src\stm32f7xx_hal_pwr_ex.o
                                0xae8 (size before relaxing)
 .debug_str     0x00002a0d      0x30c Drivers\STM32F7xx_HAL_Driver\Src\stm32f7xx_hal_rcc.o
                                0xb74 (size before relaxing)
 .debug_str     0x00002d19      0x3fb Drivers\STM32F7xx_HAL_Driver\Src\stm32f7xx_hal_rcc_ex.o
                                0xbc9 (size before relaxing)
 .debug_str     0x00003114      0xc3d Drivers\STM32F7xx_HAL_Driver\Src\stm32f7xx_hal_sd.o
                               0x15f2 (size before relaxing)
 .debug_str     0x00003d51      0x204 Drivers\STM32F7xx_HAL_Driver\Src\stm32f7xx_ll_sdmmc.o
                                0xc6a (size before relaxing)
 .debug_str     0x00003f55      0x174 Middlewares\Third_Party\FatFs\src\ff_gen_drv.o
                                0x7a2 (size before relaxing)
 .debug_str     0x000040c9      0x150 Src\bsp_driver_sd.o
                                0xe14 (size before relaxing)
 .debug_str     0x00004219      0x113 Src\fatfs.o
                                0x816 (size before relaxing)
 .debug_str     0x0000432c       0x75 Src\main.o
                               0x1bbe (size before relaxing)
 .debug_str     0x000043a1       0x77 Src\sd_diskio.o
                                0x87f (size before relaxing)
 .debug_str     0x00004418       0x1b Src\stm32f7xx_hal_msp.o
                               0x15f5 (size before relaxing)
 .debug_str     0x00004433       0xa6 Src\stm32f7xx_it.o
                                0x6f7 (size before relaxing)
 .debug_str     0x000044d9       0x45 Src\system_stm32f7xx.o
                                0x8ba (size before relaxing)

.comment        0x00000000       0x7c
 .comment       0x00000000       0x7c Drivers\STM32F7xx_HAL_Driver\Src\stm32f7xx_hal.o
                                 0x7d (size before relaxing)
 .comment       0x0000007c       0x7d Drivers\STM32F7xx_HAL_Driver\Src\stm32f7xx_hal_cortex.o
 .comment       0x0000007c       0x7d Drivers\STM32F7xx_HAL_Driver\Src\stm32f7xx_hal_dma.o
 .comment       0x0000007c       0x7d Drivers\STM32F7xx_HAL_Driver\Src\stm32f7xx_hal_gpio.o
 .comment       0x0000007c       0x7d Drivers\STM32F7xx_HAL_Driver\Src\stm32f7xx_hal_jpeg.o
 .comment       0x0000007c       0x7d Drivers\STM32F7xx_HAL_Driver\Src\stm32f7xx_hal_pwr_ex.o
 .comment       0x0000007c       0x7d Drivers\STM32F7xx_HAL_Driver\Src\stm32f7xx_hal_rcc.o
 .comment       0x0000007c       0x7d Drivers\STM32F7xx_HAL_Driver\Src\stm32f7xx_hal_rcc_ex.o
 .comment       0x0000007c       0x7d Drivers\STM32F7xx_HAL_Driver\Src\stm32f7xx_hal_sd.o
 .comment       0x0000007c       0x7d Drivers\STM32F7xx_HAL_Driver\Src\stm32f7xx_ll_sdmmc.o
 .comment       0x0000007c       0x7d Middlewares\Third_Party\FatFs\src\ff_gen_drv.o
 .comment       0x0000007c       0x7d Src\bsp_driver_sd.o
 .comment       0x0000007c       0x7d Src\fatfs.o
 .comment       0x0000007c       0x7d Src\main.o
 .comment       0x0000007c       0x7d Src\sd_diskio.o
 .comment       0x0000007c       0x7d Src\stm32f7xx_hal_msp.o
 .comment       0x0000007c       0x7d Src\stm32f7xx_it.o
 .comment       0x0000007c       0x7d Src\system_stm32f7xx.o

.debug_frame    0x00000000     0x1af4
 .debug_frame   0x00000000      0x230 Drivers\STM32F7xx_HAL_Driver\Src\stm32f7xx_hal.o
 .debug_frame   0x00000230      0x158 Drivers\STM32F7xx_HAL_Driver\Src\stm32f7xx_hal_cortex.o
 .debug_frame   0x00000388      0x150 Drivers\STM32F7xx_HAL_Driver\Src\stm32f7xx_hal_dma.o
 .debug_frame   0x000004d8       0xd8 Drivers\STM32F7xx_HAL_Driver\Src\stm32f7xx_hal_gpio.o
 .debug_frame   0x000005b0      0x4a8 Drivers\STM32F7xx_HAL_Driver\Src\stm32f7xx_hal_jpeg.o
 .debug_frame   0x00000a58      0x13c Drivers\STM32F7xx_HAL_Driver\Src\stm32f7xx_hal_pwr_ex.o
 .debug_frame   0x00000b94      0x148 Drivers\STM32F7xx_HAL_Driver\Src\stm32f7xx_hal_rcc.o
 .debug_frame   0x00000cdc       0xcc Drivers\STM32F7xx_HAL_Driver\Src\stm32f7xx_hal_rcc_ex.o
 .debug_frame   0x00000da8      0x3bc Drivers\STM32F7xx_HAL_Driver\Src\stm32f7xx_hal_sd.o
 .debug_frame   0x00001164      0x458 Drivers\STM32F7xx_HAL_Driver\Src\stm32f7xx_ll_sdmmc.o
 .debug_frame   0x000015bc       0x6c Middlewares\Third_Party\FatFs\src\ff_gen_drv.o
 .debug_frame   0x00001628      0x16c Src\bsp_driver_sd.o
 .debug_frame   0x00001794       0x38 Src\fatfs.o
 .debug_frame   0x000017cc       0x58 Src\main.o
 .debug_frame   0x00001824       0xc8 Src\sd_diskio.o
 .debug_frame   0x000018ec       0x98 Src\stm32f7xx_hal_msp.o
 .debug_frame   0x00001984       0xac Src\stm32f7xx_it.o
 .debug_frame   0x00001a30       0x38 Src\system_stm32f7xx.o
 .debug_frame   0x00001a68       0x2c c:/program files (x86)/atollic/truestudio for stm32 9.1.0/armtools/bin/../lib/gcc/arm-atollic-eabi/6.3.1/../../../../arm-atollic-eabi/lib/armv7e-m/fpu/fpv5-d16\libc_nano.a(lib_a-init.o)
 .debug_frame   0x00001a94       0x2c c:/program files (x86)/atollic/truestudio for stm32 9.1.0/armtools/bin/../lib/gcc/arm-atollic-eabi/6.3.1/armv7e-m/fpu/fpv5-d16\libgcc.a(_aeabi_uldivmod.o)
 .debug_frame   0x00001ac0       0x34 c:/program files (x86)/atollic/truestudio for stm32 9.1.0/armtools/bin/../lib/gcc/arm-atollic-eabi/6.3.1/armv7e-m/fpu/fpv5-d16\libgcc.a(_udivmoddi4.o)
