Archive member included to satisfy reference by file (symbol)

c:/program files (x86)/atollic/truestudio for stm32 9.2.0/armtools/bin/../lib/gcc/arm-atollic-eabi/6.3.1/../../../../arm-atollic-eabi/lib/armv7e-m/fpu/fpv5-d16\libc_nano.a(lib_a-init.o)
                              startup\startup_stm32f767xx.o (__libc_init_array)
c:/program files (x86)/atollic/truestudio for stm32 9.2.0/armtools/bin/../lib/gcc/arm-atollic-eabi/6.3.1/../../../../arm-atollic-eabi/lib/armv7e-m/fpu/fpv5-d16\libc_nano.a(lib_a-memset.o)
                              Src\main.o (memset)
c:/program files (x86)/atollic/truestudio for stm32 9.2.0/armtools/bin/../lib/gcc/arm-atollic-eabi/6.3.1/armv7e-m/fpu/fpv5-d16\libgcc.a(_aeabi_uldivmod.o)
                              Drivers\STM32F7xx_HAL_Driver\Src\stm32f7xx_hal_rcc.o (__aeabi_uldivmod)
c:/program files (x86)/atollic/truestudio for stm32 9.2.0/armtools/bin/../lib/gcc/arm-atollic-eabi/6.3.1/armv7e-m/fpu/fpv5-d16\libgcc.a(_udivmoddi4.o)
                              c:/program files (x86)/atollic/truestudio for stm32 9.2.0/armtools/bin/../lib/gcc/arm-atollic-eabi/6.3.1/armv7e-m/fpu/fpv5-d16\libgcc.a(_aeabi_uldivmod.o) (__udivmoddi4)
c:/program files (x86)/atollic/truestudio for stm32 9.2.0/armtools/bin/../lib/gcc/arm-atollic-eabi/6.3.1/armv7e-m/fpu/fpv5-d16\libgcc.a(_dvmd_tls.o)
                              c:/program files (x86)/atollic/truestudio for stm32 9.2.0/armtools/bin/../lib/gcc/arm-atollic-eabi/6.3.1/armv7e-m/fpu/fpv5-d16\libgcc.a(_aeabi_uldivmod.o) (__aeabi_ldiv0)

Allocating common symbols
Common symbol       size              file

retSD               0x1               Src\fatfs.o
htim4               0x40              Src\main.o
huart3              0x70              Src\main.o
hsd1                0x84              Src\main.o
uwTick              0x4               Drivers\STM32F7xx_HAL_Driver\Src\stm32f7xx_hal.o
pFlash              0x1c              Drivers\STM32F7xx_HAL_Driver\Src\stm32f7xx_hal_flash.o
hjpeg               0x54              Src\main.o
huart1              0x70              Src\main.o
SDPath              0x4               Src\fatfs.o
htim1               0x40              Src\main.o
huart4              0x70              Src\main.o
SDFile              0x230             Src\fatfs.o
SDFatFS             0x230             Src\fatfs.o

Discarded input sections

 .text          0x00000000        0x0 c:/program files (x86)/atollic/truestudio for stm32 9.2.0/armtools/bin/../lib/gcc/arm-atollic-eabi/6.3.1/armv7e-m/fpu/fpv5-d16/crti.o
 .data          0x00000000        0x0 c:/program files (x86)/atollic/truestudio for stm32 9.2.0/armtools/bin/../lib/gcc/arm-atollic-eabi/6.3.1/armv7e-m/fpu/fpv5-d16/crti.o
 .bss           0x00000000        0x0 c:/program files (x86)/atollic/truestudio for stm32 9.2.0/armtools/bin/../lib/gcc/arm-atollic-eabi/6.3.1/armv7e-m/fpu/fpv5-d16/crti.o
 .data          0x00000000        0x4 c:/program files (x86)/atollic/truestudio for stm32 9.2.0/armtools/bin/../lib/gcc/arm-atollic-eabi/6.3.1/armv7e-m/fpu/fpv5-d16/crtbegin.o
 .text          0x00000000        0x0 Drivers\STM32F7xx_HAL_Driver\Src\stm32f7xx_hal.o
 .data          0x00000000        0x0 Drivers\STM32F7xx_HAL_Driver\Src\stm32f7xx_hal.o
 .bss           0x00000000        0x0 Drivers\STM32F7xx_HAL_Driver\Src\stm32f7xx_hal.o
 .text.HAL_MspInit
                0x00000000        0x2 Drivers\STM32F7xx_HAL_Driver\Src\stm32f7xx_hal.o
 .text.HAL_MspDeInit
                0x00000000        0x2 Drivers\STM32F7xx_HAL_Driver\Src\stm32f7xx_hal.o
 .text.HAL_DeInit
                0x00000000       0x2c Drivers\STM32F7xx_HAL_Driver\Src\stm32f7xx_hal.o
 .text.HAL_GetTickPrio
                0x00000000        0xc Drivers\STM32F7xx_HAL_Driver\Src\stm32f7xx_hal.o
 .text.HAL_SetTickFreq
                0x00000000       0x24 Drivers\STM32F7xx_HAL_Driver\Src\stm32f7xx_hal.o
 .text.HAL_GetTickFreq
                0x00000000        0xc Drivers\STM32F7xx_HAL_Driver\Src\stm32f7xx_hal.o
 .text.HAL_SuspendTick
                0x00000000       0x10 Drivers\STM32F7xx_HAL_Driver\Src\stm32f7xx_hal.o
 .text.HAL_ResumeTick
                0x00000000       0x10 Drivers\STM32F7xx_HAL_Driver\Src\stm32f7xx_hal.o
 .text.HAL_GetHalVersion
                0x00000000        0x8 Drivers\STM32F7xx_HAL_Driver\Src\stm32f7xx_hal.o
 .text.HAL_GetREVID
                0x00000000        0xc Drivers\STM32F7xx_HAL_Driver\Src\stm32f7xx_hal.o
 .text.HAL_GetDEVID
                0x00000000       0x10 Drivers\STM32F7xx_HAL_Driver\Src\stm32f7xx_hal.o
 .text.HAL_GetUIDw0
                0x00000000        0xc Drivers\STM32F7xx_HAL_Driver\Src\stm32f7xx_hal.o
 .text.HAL_GetUIDw1
                0x00000000        0xc Drivers\STM32F7xx_HAL_Driver\Src\stm32f7xx_hal.o
 .text.HAL_GetUIDw2
                0x00000000        0xc Drivers\STM32F7xx_HAL_Driver\Src\stm32f7xx_hal.o
 .text.HAL_DBGMCU_EnableDBGSleepMode
                0x00000000       0x10 Drivers\STM32F7xx_HAL_Driver\Src\stm32f7xx_hal.o
 .text.HAL_DBGMCU_DisableDBGSleepMode
[...]
Memory Configuration

Name             Origin             Length             Attributes
RAM              0x20000000         0x00080000         xrw
FLASH            0x08000000         0x00200000         xr
*default*        0x00000000         0xffffffff

Linker script and memory map

LOAD c:/program files (x86)/atollic/truestudio for stm32 9.2.0/armtools/bin/../lib/gcc/arm-atollic-eabi/6.3.1/armv7e-m/fpu/fpv5-d16/crti.o
LOAD c:/program files (x86)/atollic/truestudio for stm32 9.2.0/armtools/bin/../lib/gcc/arm-atollic-eabi/6.3.1/armv7e-m/fpu/fpv5-d16/crtbegin.o
LOAD Drivers\STM32F7xx_HAL_Driver\Src\stm32f7xx_hal.o
LOAD Drivers\STM32F7xx_HAL_Driver\Src\stm32f7xx_hal_cortex.o
LOAD Drivers\STM32F7xx_HAL_Driver\Src\stm32f7xx_hal_dma.o
LOAD Drivers\STM32F7xx_HAL_Driver\Src\stm32f7xx_hal_dma_ex.o
LOAD Drivers\STM32F7xx_HAL_Driver\Src\stm32f7xx_hal_flash.o
LOAD Drivers\STM32F7xx_HAL_Driver\Src\stm32f7xx_hal_flash_ex.o
LOAD Drivers\STM32F7xx_HAL_Driver\Src\stm32f7xx_hal_gpio.o
LOAD Drivers\STM32F7xx_HAL_Driver\Src\stm32f7xx_hal_i2c.o
LOAD Drivers\STM32F7xx_HAL_Driver\Src\stm32f7xx_hal_i2c_ex.o
LOAD Drivers\STM32F7xx_HAL_Driver\Src\stm32f7xx_hal_jpeg.o
LOAD Drivers\STM32F7xx_HAL_Driver\Src\stm32f7xx_hal_pwr.o
LOAD Drivers\STM32F7xx_HAL_Driver\Src\stm32f7xx_hal_pwr_ex.o
LOAD Drivers\STM32F7xx_HAL_Driver\Src\stm32f7xx_hal_rcc.o
LOAD Drivers\STM32F7xx_HAL_Driver\Src\stm32f7xx_hal_rcc_ex.o
LOAD Drivers\STM32F7xx_HAL_Driver\Src\stm32f7xx_hal_sd.o
LOAD Drivers\STM32F7xx_HAL_Driver\Src\stm32f7xx_hal_tim.o
LOAD Drivers\STM32F7xx_HAL_Driver\Src\stm32f7xx_hal_tim_ex.o
LOAD Drivers\STM32F7xx_HAL_Driver\Src\stm32f7xx_hal_uart.o
LOAD Drivers\STM32F7xx_HAL_Driver\Src\stm32f7xx_ll_sdmmc.o
LOAD Middlewares\Third_Party\FatFs\src\diskio.o
LOAD Middlewares\Third_Party\FatFs\src\ff.o
LOAD Middlewares\Third_Party\FatFs\src\ff_gen_drv.o
LOAD Middlewares\Third_Party\FatFs\src\option\syscall.o
LOAD Src\bsp_driver_sd.o
LOAD Src\fatfs.o
LOAD Src\fatfs_platform.o
LOAD Src\main.o
LOAD Src\sd_diskio.o
LOAD Src\stm32f7xx_hal_msp.o
LOAD Src\stm32f7xx_it.o
LOAD Src\system_stm32f7xx.o
LOAD startup\startup_stm32f767xx.o
                0x00000080                malloc_getpagesize_P = 0x80
START GROUP
LOAD c:/program files (x86)/atollic/truestudio for stm32 9.2.0/armtools/bin/../lib/gcc/arm-atollic-eabi/6.3.1/../../../../arm-atollic-eabi/lib/armv7e-m/fpu/fpv5-d16\libc_nano.a
LOAD c:/program files (x86)/atollic/truestudio for stm32 9.2.0/armtools/bin/../lib/gcc/arm-atollic-eabi/6.3.1/../../../../arm-atollic-eabi/lib/armv7e-m/fpu/fpv5-d16\libm.a
END GROUP
START GROUP
LOAD c:/program files (x86)/atollic/truestudio for stm32 9.2.0/armtools/bin/../lib/gcc/arm-atollic-eabi/6.3.1/armv7e-m/fpu/fpv5-d16\libgcc.a
LOAD c:/program files (x86)/atollic/truestudio for stm32 9.2.0/armtools/bin/../lib/gcc/arm-atollic-eabi/6.3.1/../../../../arm-atollic-eabi/lib/armv7e-m/fpu/fpv5-d16\libc_nano.a
END GROUP
START GROUP
LOAD c:/program files (x86)/atollic/truestudio for stm32 9.2.0/armtools/bin/../lib/gcc/arm-atollic-eabi/6.3.1/armv7e-m/fpu/fpv5-d16\libgcc.a
LOAD c:/program files (x86)/atollic/truestudio for stm32 9.2.0/armtools/bin/../lib/gcc/arm-atollic-eabi/6.3.1/../../../../arm-atollic-eabi/lib/armv7e-m/fpu/fpv5-d16\libc_nano.a
LOAD c:/program files (x86)/atollic/truestudio for stm32 9.2.0/armtools/bin/../lib/gcc/arm-atollic-eabi/6.3.1/../../../../arm-atollic-eabi/lib/armv7e-m/fpu/fpv5-d16\libnosys.a
END GROUP
START GROUP
LOAD c:/program files (x86)/atollic/truestudio for stm32 9.2.0/armtools/bin/../lib/gcc/arm-atollic-eabi/6.3.1/armv7e-m/fpu/fpv5-d16\libgcc.a
LOAD c:/program files (x86)/atollic/truestudio for stm32 9.2.0/armtools/bin/../lib/gcc/arm-atollic-eabi/6.3.1/../../../../arm-atollic-eabi/lib/armv7e-m/fpu/fpv5-d16\libc_nano.a
LOAD c:/program files (x86)/atollic/truestudio for stm32 9.2.0/armtools/bin/../lib/gcc/arm-atollic-eabi/6.3.1/../../../../arm-atollic-eabi/lib/armv7e-m/fpu/fpv5-d16\libnosys.a
END GROUP
LOAD c:/program files (x86)/atollic/truestudio for stm32 9.2.0/armtools/bin/../lib/gcc/arm-atollic-eabi/6.3.1/armv7e-m/fpu/fpv5-d16/crtend.o
LOAD c:/program files (x86)/atollic/truestudio for stm32 9.2.0/armtools/bin/../lib/gcc/arm-atollic-eabi/6.3.1/armv7e-m/fpu/fpv5-d16/crtn.o
                0x20080000                _estack = 0x20080000
                0x00000200                _Min_Heap_Size = 0x200
                0x00000400                _Min_Stack_Size = 0x400

.isr_vector     0x08000000      0x1f8
                0x08000000                . = ALIGN (0x4)
 *(.isr_vector)
 .isr_vector    0x08000000      0x1f8 startup\startup_stm32f767xx.o
                0x08000000                g_pfnVectors
                0x080001f8                . = ALIGN (0x4)

.text           0x080001f8     0x3994
                0x080001f8                . = ALIGN (0x4)
 *(.text)
 .text          0x080001f8       0x40 c:/program files (x86)/atollic/truestudio for stm32 9.2.0/armtools/bin/../lib/gcc/arm-atollic-eabi/6.3.1/armv7e-m/fpu/fpv5-d16/crtbegin.o
 .text          0x08000238       0x30 c:/program files (x86)/atollic/truestudio for stm32 9.2.0/armtools/bin/../lib/gcc/arm-atollic-eabi/6.3.1/armv7e-m/fpu/fpv5-d16\libgcc.a(_aeabi_uldivmod.o)
                0x08000238                __aeabi_uldivmod
 .text          0x08000268      0x2dc c:/program files (x86)/atollic/truestudio for stm32 9.2.0/armtools/bin/../lib/gcc/arm-atollic-eabi/6.3.1/armv7e-m/fpu/fpv5-d16\libgcc.a(_udivmoddi4.o)
                0x08000268                __udivmoddi4
 .text          0x08000544        0x4 c:/program files (x86)/atollic/truestudio for stm32 9.2.0/armtools/bin/../lib/gcc/arm-atollic-eabi/6.3.1/armv7e-m/fpu/fpv5-d16\libgcc.a(_dvmd_tls.o)
                0x08000544                __aeabi_idiv0
                0x08000544                __aeabi_ldiv0
 *(.text*)
 .text.HAL_InitTick
                0x08000548       0x48 Drivers\STM32F7xx_HAL_Driver\Src\stm32f7xx_hal.o
                0x08000548                HAL_InitTick
 .text.HAL_Init
                0x08000590       0x2c Drivers\STM32F7xx_HAL_Driver\Src\stm32f7xx_hal.o
                0x08000590                HAL_Init
 .text.HAL_IncTick
                0x080005bc       0x18 Drivers\STM32F7xx_HAL_Driver\Src\stm32f7xx_hal.o
                0x080005bc                HAL_IncTick
 .text.HAL_GetTick
                0x080005d4        0xc Drivers\STM32F7xx_HAL_Driver\Src\stm32f7xx_hal.o
                0x080005d4                HAL_GetTick
 .text.HAL_Delay
                0x080005e0       0x24 Drivers\STM32F7xx_HAL_Driver\Src\stm32f7xx_hal.o
                0x080005e0                HAL_Delay
 .text.HAL_NVIC_SetPriorityGrouping
                0x08000604       0x24 Drivers\STM32F7xx_HAL_Driver\Src\stm32f7xx_hal_cortex.o
                0x08000604                HAL_NVIC_SetPriorityGrouping
 .text.HAL_NVIC_SetPriority
                0x08000628       0x70 Drivers\STM32F7xx_HAL_Driver\Src\stm32f7xx_hal_cortex.o
                0x08000628                HAL_NVIC_SetPriority
 .text.HAL_SYSTICK_Config
                0x08000698       0x2c Drivers\STM32F7xx_HAL_Driver\Src\stm32f7xx_hal_cortex.o
                0x08000698                HAL_SYSTICK_Config
 .text.HAL_GPIO_Init
                0x080006c4      0x1d4 Drivers\STM32F7xx_HAL_Driver\Src\stm32f7xx_hal_gpio.o
                0x080006c4                HAL_GPIO_Init
 .text.HAL_GPIO_ReadPin
                0x08000898        0xc Drivers\STM32F7xx_HAL_Driver\Src\stm32f7xx_hal_gpio.o
                0x08000898                HAL_GPIO_ReadPin
 .text.HAL_GPIO_WritePin
                0x080008a4        0xa Drivers\STM32F7xx_HAL_Driver\Src\stm32f7xx_hal_gpio.o
                0x080008a4                HAL_GPIO_WritePin
 .text.JPEG_Bits_To_SizeCodes
                0x080008ae       0x60 Drivers\STM32F7xx_HAL_Driver\Src\stm32f7xx_hal_jpeg.o
 .text.JPEG_DCHuff_BitsVals_To_SizeCodes
                0x0800090e       0x50 Drivers\STM32F7xx_HAL_Driver\Src\stm32f7xx_hal_jpeg.o
 .text.JPEG_Set_HuffDC_Mem
                0x0800095e       0x7a Drivers\STM32F7xx_HAL_Driver\Src\stm32f7xx_hal_jpeg.o
 .text.JPEG_Set_HuffAC_Mem
                0x080009d8       0xf2 Drivers\STM32F7xx_HAL_Driver\Src\stm32f7xx_hal_jpeg.o
 *fill*         0x08000aca        0x2 
 .text.HAL_JPEG_Init
                0x08000acc      0x278 Drivers\STM32F7xx_HAL_Driver\Src\stm32f7xx_hal_jpeg.o
                0x08000acc                HAL_JPEG_Init
 .text.HAL_PWREx_EnableOverDrive
                0x08000d44       0x70 Drivers\STM32F7xx_HAL_Driver\Src\stm32f7xx_hal_pwr_ex.o
                0x08000d44                HAL_PWREx_EnableOverDrive
 .text.HAL_RCC_OscConfig
                0x08000db4      0x328 Drivers\STM32F7xx_HAL_Driver\Src\stm32f7xx_hal_rcc.o
                0x08000db4                HAL_RCC_OscConfig
 .text.HAL_RCC_GetSysClockFreq
                0x080010dc       0x5c Drivers\STM32F7xx_HAL_Driver\Src\stm32f7xx_hal_rcc.o
                0x080010dc                HAL_RCC_GetSysClockFreq
 .text.HAL_RCC_ClockConfig
                0x08001138      0x13c Drivers\STM32F7xx_HAL_Driver\Src\stm32f7xx_hal_rcc.o
                0x08001138                HAL_RCC_ClockConfig
 .text.HAL_RCC_GetPCLK1Freq
                0x08001274       0x20 Drivers\STM32F7xx_HAL_Driver\Src\stm32f7xx_hal_rcc.o
                0x08001274                HAL_RCC_GetPCLK1Freq
 .text.HAL_RCC_GetPCLK2Freq
                0x08001294       0x20 Drivers\STM32F7xx_HAL_Driver\Src\stm32f7xx_hal_rcc.o
                0x08001294                HAL_RCC_GetPCLK2Freq
 .text.HAL_RCCEx_PeriphCLKConfig
                0x080012b4      0x55c Drivers\STM32F7xx_HAL_Driver\Src\stm32f7xx_hal_rcc_ex.o
                0x080012b4                HAL_RCCEx_PeriphCLKConfig
 .text.SD_FindSCR
                0x08001810       0xca Drivers\STM32F7xx_HAL_Driver\Src\stm32f7xx_hal_sd.o
 .text.HAL_SD_ReadBlocks
                0x080018da      0x1ba Drivers\STM32F7xx_HAL_Driver\Src\stm32f7xx_hal_sd.o
                0x080018da                HAL_SD_ReadBlocks
 .text.HAL_SD_WriteBlocks
                0x08001a94      0x172 Drivers\STM32F7xx_HAL_Driver\Src\stm32f7xx_hal_sd.o
                0x08001a94                HAL_SD_WriteBlocks
 .text.HAL_SD_GetCardCSD
                0x08001c06      0x1be Drivers\STM32F7xx_HAL_Driver\Src\stm32f7xx_hal_sd.o
                0x08001c06                HAL_SD_GetCardCSD
 .text.HAL_SD_InitCard
                0x08001dc4      0x1e6 Drivers\STM32F7xx_HAL_Driver\Src\stm32f7xx_hal_sd.o
                0x08001dc4                HAL_SD_InitCard
 .text.HAL_SD_Init
                0x08001faa       0x34 Drivers\STM32F7xx_HAL_Driver\Src\stm32f7xx_hal_sd.o
                0x08001faa                HAL_SD_Init
 .text.HAL_SD_GetCardInfo
                0x08001fde       0x24 Drivers\STM32F7xx_HAL_Driver\Src\stm32f7xx_hal_sd.o
                0x08001fde                HAL_SD_GetCardInfo
 .text.HAL_SD_ConfigWideBusOperation
                0x08002002      0x108 Drivers\STM32F7xx_HAL_Driver\Src\stm32f7xx_hal_sd.o
                0x08002002                HAL_SD_ConfigWideBusOperation
 .text.HAL_SD_GetCardState
                0x0800210a       0x28 Drivers\STM32F7xx_HAL_Driver\Src\stm32f7xx_hal_sd.o
                0x0800210a                HAL_SD_GetCardState
 .text.TIM_TI1_ConfigInputStage
                0x08002132       0x22 Drivers\STM32F7xx_HAL_Driver\Src\stm32f7xx_hal_tim.o
 .text.TIM_TI2_ConfigInputStage
                0x08002154       0x24 Drivers\STM32F7xx_HAL_Driver\Src\stm32f7xx_hal_tim.o
 .text.HAL_TIM_PWM_MspInit
                0x08002178        0x2 Drivers\STM32F7xx_HAL_Driver\Src\stm32f7xx_hal_tim.o
                0x08002178                HAL_TIM_PWM_MspInit
 *fill*         0x0800217a        0x2 
 .text.TIM_Base_SetConfig
                0x0800217c       0xd0 Drivers\STM32F7xx_HAL_Driver\Src\stm32f7xx_hal_tim.o
                0x0800217c                TIM_Base_SetConfig
 .text.HAL_TIM_Base_Init
                0x0800224c       0x34 Drivers\STM32F7xx_HAL_Driver\Src\stm32f7xx_hal_tim.o
                0x0800224c                HAL_TIM_Base_Init
 .text.HAL_TIM_PWM_Init
                0x08002280       0x34 Drivers\STM32F7xx_HAL_Driver\Src\stm32f7xx_hal_tim.o
                0x08002280                HAL_TIM_PWM_Init
 .text.TIM_OC1_SetConfig
                0x080022b4       0x5c Drivers\STM32F7xx_HAL_Driver\Src\stm32f7xx_hal_tim.o
                0x080022b4                TIM_OC1_SetConfig
 .text.TIM_OC2_SetConfig
                0x08002310       0x64 Drivers\STM32F7xx_HAL_Driver\Src\stm32f7xx_hal_tim.o
                0x08002310                TIM_OC2_SetConfig
 .text.TIM_OC3_SetConfig
                0x08002374       0x64 Drivers\STM32F7xx_HAL_Driver\Src\stm32f7xx_hal_tim.o
                0x08002374                TIM_OC3_SetConfig
 .text.TIM_OC4_SetConfig
                0x080023d8       0x54 Drivers\STM32F7xx_HAL_Driver\Src\stm32f7xx_hal_tim.o
                0x080023d8                TIM_OC4_SetConfig
 .text.TIM_ETR_SetConfig
                0x0800242c       0x14 Drivers\STM32F7xx_HAL_Driver\Src\stm32f7xx_hal_tim.o
                0x0800242c                TIM_ETR_SetConfig
 .text.HAL_TIM_ConfigClockSource
                0x08002440      0x11c Drivers\STM32F7xx_HAL_Driver\Src\stm32f7xx_hal_tim.o
                0x08002440                HAL_TIM_ConfigClockSource
 .text.TIM_OC5_SetConfig
                0x0800255c       0x50 Drivers\STM32F7xx_HAL_Driver\Src\stm32f7xx_hal_tim_ex.o
 .text.TIM_OC6_SetConfig
                0x080025ac       0x50 Drivers\STM32F7xx_HAL_Driver\Src\stm32f7xx_hal_tim_ex.o
 .text.HAL_TIMEx_MasterConfigSynchronization
                0x080025fc       0x4c Drivers\STM32F7xx_HAL_Driver\Src\stm32f7xx_hal_tim_ex.o
                0x080025fc                HAL_TIMEx_MasterConfigSynchronization
 .text.HAL_TIM_PWM_ConfigChannel
                0x08002648      0x10c Drivers\STM32F7xx_HAL_Driver\Src\stm32f7xx_hal_tim_ex.o
                0x08002648                HAL_TIM_PWM_ConfigChannel
 .text.UART_WaitOnFlagUntilTimeout
                0x08002754       0x62 Drivers\STM32F7xx_HAL_Driver\Src\stm32f7xx_hal_uart.o
                0x08002754                UART_WaitOnFlagUntilTimeout
 *fill*         0x080027b6        0x2 
 .text.UART_SetConfig
                0x080027b8      0x290 Drivers\STM32F7xx_HAL_Driver\Src\stm32f7xx_hal_uart.o
                0x080027b8                UART_SetConfig
 .text.UART_AdvFeatureConfig
                0x08002a48       0xaa Drivers\STM32F7xx_HAL_Driver\Src\stm32f7xx_hal_uart.o
                0x08002a48                UART_AdvFeatureConfig
 .text.UART_CheckIdleState
                0x08002af2       0x44 Drivers\STM32F7xx_HAL_Driver\Src\stm32f7xx_hal_uart.o
                0x08002af2                UART_CheckIdleState
 .text.HAL_UART_Init
                0x08002b36       0x64 Drivers\STM32F7xx_HAL_Driver\Src\stm32f7xx_hal_uart.o
                0x08002b36                HAL_UART_Init
 *fill*         0x08002b9a        0x2 
 .text.SDMMC_GetCmdResp2
                0x08002b9c       0x4c Drivers\STM32F7xx_HAL_Driver\Src\stm32f7xx_ll_sdmmc.o
 .text.SDMMC_GetCmdResp3
                0x08002be8       0x44 Drivers\STM32F7xx_HAL_Driver\Src\stm32f7xx_ll_sdmmc.o
 .text.SDMMC_Init
                0x08002c2c       0x38 Drivers\STM32F7xx_HAL_Driver\Src\stm32f7xx_ll_sdmmc.o
                0x08002c2c                SDMMC_Init
 .text.SDMMC_ReadFIFO
                0x08002c64        0x6 Drivers\STM32F7xx_HAL_Driver\Src\stm32f7xx_ll_sdmmc.o
                0x08002c64                SDMMC_ReadFIFO
 .text.SDMMC_WriteFIFO
                0x08002c6a        0xa Drivers\STM32F7xx_HAL_Driver\Src\stm32f7xx_ll_sdmmc.o
                0x08002c6a                SDMMC_WriteFIFO
 .text.SDMMC_PowerState_ON
                0x08002c74        0x8 Drivers\STM32F7xx_HAL_Driver\Src\stm32f7xx_ll_sdmmc.o
                0x08002c74                SDMMC_PowerState_ON
 .text.SDMMC_GetPowerState
                0x08002c7c        0x8 Drivers\STM32F7xx_HAL_Driver\Src\stm32f7xx_ll_sdmmc.o
                0x08002c7c                SDMMC_GetPowerState
 .text.SDMMC_SendCommand
                0x08002c84       0x26 Drivers\STM32F7xx_HAL_Driver\Src\stm32f7xx_ll_sdmmc.o
                0x08002c84                SDMMC_SendCommand
 .text.SDMMC_GetResponse
                0x08002caa       0x14 Drivers\STM32F7xx_HAL_Driver\Src\stm32f7xx_ll_sdmmc.o
                0x08002caa                SDMMC_GetResponse
 *fill*         0x08002cbe        0x2 
 .text.SDMMC_GetCmdResp1
                0x08002cc0      0x11c Drivers\STM32F7xx_HAL_Driver\Src\stm32f7xx_ll_sdmmc.o
 .text.SDMMC_ConfigData
                0x08002ddc       0x26 Drivers\STM32F7xx_HAL_Driver\Src\stm32f7xx_ll_sdmmc.o
                0x08002ddc                SDMMC_ConfigData
 .text.SDMMC_CmdBlockLength
                0x08002e02       0x30 Drivers\STM32F7xx_HAL_Driver\Src\stm32f7xx_ll_sdmmc.o
                0x08002e02                SDMMC_CmdBlockLength
 .text.SDMMC_CmdReadSingleBlock
                0x08002e32       0x30 Drivers\STM32F7xx_HAL_Driver\Src\stm32f7xx_ll_sdmmc.o
                0x08002e32                SDMMC_CmdReadSingleBlock
 .text.SDMMC_CmdReadMultiBlock
                0x08002e62       0x30 Drivers\STM32F7xx_HAL_Driver\Src\stm32f7xx_ll_sdmmc.o
                0x08002e62                SDMMC_CmdReadMultiBlock
 .text.SDMMC_CmdWriteSingleBlock
                0x08002e92       0x30 Drivers\STM32F7xx_HAL_Driver\Src\stm32f7xx_ll_sdmmc.o
                0x08002e92                SDMMC_CmdWriteSingleBlock
 .text.SDMMC_CmdWriteMultiBlock
                0x08002ec2       0x30 Drivers\STM32F7xx_HAL_Driver\Src\stm32f7xx_ll_sdmmc.o
                0x08002ec2                SDMMC_CmdWriteMultiBlock
 *fill*         0x08002ef2        0x2 
 .text.SDMMC_CmdStopTransfer
                0x08002ef4       0x34 Drivers\STM32F7xx_HAL_Driver\Src\stm32f7xx_ll_sdmmc.o
                0x08002ef4                SDMMC_CmdStopTransfer
 .text.SDMMC_CmdSelDesel
                0x08002f28       0x30 Drivers\STM32F7xx_HAL_Driver\Src\stm32f7xx_ll_sdmmc.o
                0x08002f28                SDMMC_CmdSelDesel
 .text.SDMMC_CmdGoIdleState
                0x08002f58       0x50 Drivers\STM32F7xx_HAL_Driver\Src\stm32f7xx_ll_sdmmc.o
                0x08002f58                SDMMC_CmdGoIdleState
 .text.SDMMC_CmdOperCond
                0x08002fa8       0x70 Drivers\STM32F7xx_HAL_Driver\Src\stm32f7xx_ll_sdmmc.o
                0x08002fa8                SDMMC_CmdOperCond
 .text.SDMMC_CmdAppCommand
                0x08003018       0x30 Drivers\STM32F7xx_HAL_Driver\Src\stm32f7xx_ll_sdmmc.o
                0x08003018                SDMMC_CmdAppCommand
 .text.SDMMC_CmdAppOperCommand
                0x08003048       0x32 Drivers\STM32F7xx_HAL_Driver\Src\stm32f7xx_ll_sdmmc.o
                0x08003048                SDMMC_CmdAppOperCommand
 .text.SDMMC_CmdSendSCR
                0x0800307a       0x30 Drivers\STM32F7xx_HAL_Driver\Src\stm32f7xx_ll_sdmmc.o
                0x0800307a                SDMMC_CmdSendSCR
 .text.SDMMC_CmdSendCID
                0x080030aa       0x2a Drivers\STM32F7xx_HAL_Driver\Src\stm32f7xx_ll_sdmmc.o
                0x080030aa                SDMMC_CmdSendCID
 .text.SDMMC_CmdSendCSD
                0x080030d4       0x2a Drivers\STM32F7xx_HAL_Driver\Src\stm32f7xx_ll_sdmmc.o
                0x080030d4                SDMMC_CmdSendCSD
 *fill*         0x080030fe        0x2 
 .text.SDMMC_CmdSetRelAdd
                0x08003100       0xa8 Drivers\STM32F7xx_HAL_Driver\Src\stm32f7xx_ll_sdmmc.o
                0x08003100                SDMMC_CmdSetRelAdd
 .text.SDMMC_CmdSendStatus
                0x080031a8       0x30 Drivers\STM32F7xx_HAL_Driver\Src\stm32f7xx_ll_sdmmc.o
                0x080031a8                SDMMC_CmdSendStatus
 .text.SDMMC_CmdSwitch
                0x080031d8       0x30 Drivers\STM32F7xx_HAL_Driver\Src\stm32f7xx_ll_sdmmc.o
                0x080031d8                SDMMC_CmdSwitch
 .text.SDMMC_CmdBusWidth
                0x08003208        0x4 Drivers\STM32F7xx_HAL_Driver\Src\stm32f7xx_ll_sdmmc.o
                0x08003208                SDMMC_CmdBusWidth
 .text.FATFS_LinkDriverEx
                0x0800320c       0x44 Middlewares\Third_Party\FatFs\src\ff_gen_drv.o
                0x0800320c                FATFS_LinkDriverEx
 .text.FATFS_LinkDriver
                0x08003250        0x6 Middlewares\Third_Party\FatFs\src\ff_gen_drv.o
                0x08003250                FATFS_LinkDriver
 *fill*         0x08003256        0x2 
 .text.BSP_SD_ReadBlocks
                0x08003258       0x20 Src\bsp_driver_sd.o
                0x08003258                BSP_SD_ReadBlocks
 .text.BSP_SD_WriteBlocks
                0x08003278       0x20 Src\bsp_driver_sd.o
                0x08003278                BSP_SD_WriteBlocks
 .text.BSP_SD_GetCardState
                0x08003298       0x14 Src\bsp_driver_sd.o
                0x08003298                BSP_SD_GetCardState
 .text.BSP_SD_GetCardInfo
                0x080032ac        0xc Src\bsp_driver_sd.o
                0x080032ac                BSP_SD_GetCardInfo
 .text.BSP_SD_IsDetected
                0x080032b8       0x1c Src\bsp_driver_sd.o
                0x080032b8                BSP_SD_IsDetected
 .text.BSP_SD_Init
                0x080032d4       0x2c Src\bsp_driver_sd.o
                0x080032d4                BSP_SD_Init
 .text.MX_FATFS_Init
                0x08003300       0x1c Src\fatfs.o
                0x08003300                MX_FATFS_Init
 .text.BSP_PlatformIsDetected
                0x0800331c       0x18 Src\fatfs_platform.o
                0x0800331c                BSP_PlatformIsDetected
 .text.SystemClock_Config
                0x08003334       0xc4 Src\main.o
                0x08003334                SystemClock_Config
 .text.startup.main
                0x080033f8      0x310 Src\main.o
                0x080033f8                main
 .text.SD_CheckStatus.isra.0
                0x08003708       0x20 Src\sd_diskio.o
 .text.SD_initialize
                0x08003728       0x1c Src\sd_diskio.o
                0x08003728                SD_initialize
 .text.SD_status
                0x08003744        0x4 Src\sd_diskio.o
                0x08003744                SD_status
 .text.SD_read  0x08003748       0x20 Src\sd_diskio.o
                0x08003748                SD_read
 .text.SD_ioctl
                0x08003768       0x50 Src\sd_diskio.o
                0x08003768                SD_ioctl
 .text.SD_write
                0x080037b8       0x20 Src\sd_diskio.o
                0x080037b8                SD_write
 .text.HAL_MspInit
                0x080037d8       0x30 Src\stm32f7xx_hal_msp.o
                0x080037d8                HAL_MspInit
 .text.HAL_JPEG_MspInit
                0x08003808       0x2c Src\stm32f7xx_hal_msp.o
                0x08003808                HAL_JPEG_MspInit
 .text.HAL_SD_MspInit
                0x08003834       0x98 Src\stm32f7xx_hal_msp.o
                0x08003834                HAL_SD_MspInit
 .text.HAL_TIM_Base_MspInit
                0x080038cc       0x4c Src\stm32f7xx_hal_msp.o
                0x080038cc                HAL_TIM_Base_MspInit
 .text.HAL_TIM_MspPostInit
                0x08003918       0x50 Src\stm32f7xx_hal_msp.o
                0x08003918                HAL_TIM_MspPostInit
 .text.HAL_UART_MspInit
                0x08003968      0x100 Src\stm32f7xx_hal_msp.o
                0x08003968                HAL_UART_MspInit
 .text.NMI_Handler
                0x08003a68        0x2 Src\stm32f7xx_it.o
                0x08003a68                NMI_Handler
 .text.HardFault_Handler
                0x08003a6a        0x2 Src\stm32f7xx_it.o
                0x08003a6a                HardFault_Handler
 .text.MemManage_Handler
                0x08003a6c        0x2 Src\stm32f7xx_it.o
                0x08003a6c                MemManage_Handler
 .text.BusFault_Handler
                0x08003a6e        0x2 Src\stm32f7xx_it.o
                0x08003a6e                BusFault_Handler
 .text.UsageFault_Handler
                0x08003a70        0x2 Src\stm32f7xx_it.o
                0x08003a70                UsageFault_Handler
 .text.SVC_Handler
                0x08003a72        0x2 Src\stm32f7xx_it.o
                0x08003a72                SVC_Handler
 .text.DebugMon_Handler
                0x08003a74        0x2 Src\stm32f7xx_it.o
                0x08003a74                DebugMon_Handler
 .text.PendSV_Handler
                0x08003a76        0x2 Src\stm32f7xx_it.o
                0x08003a76                PendSV_Handler
 .text.SysTick_Handler
                0x08003a78        0x4 Src\stm32f7xx_it.o
                0x08003a78                SysTick_Handler
 .text.SystemInit
                0x08003a7c       0x4c Src\system_stm32f7xx.o
                0x08003a7c                SystemInit
 .text.Reset_Handler
                0x08003ac8       0x50 startup\startup_stm32f767xx.o
                0x08003ac8                Reset_Handler
 .text.Default_Handler
                0x08003b18        0x2 startup\startup_stm32f767xx.o
                0x08003b18                RTC_Alarm_IRQHandler
                0x08003b18                EXTI2_IRQHandler
                0x08003b18                TIM8_CC_IRQHandler
                0x08003b18                UART8_IRQHandler
                0x08003b18                SPI4_IRQHandler
                0x08003b18                TIM1_CC_IRQHandler
                0x08003b18                DMA2_Stream5_IRQHandler
                0x08003b18                JPEG_IRQHandler
                0x08003b18                DMA1_Stream5_IRQHandler
                0x08003b18                CAN3_RX1_IRQHandler
                0x08003b18                PVD_IRQHandler
                0x08003b18                TAMP_STAMP_IRQHandler
                0x08003b18                CAN2_RX1_IRQHandler
                0x08003b18                EXTI3_IRQHandler
                0x08003b18                TIM8_TRG_COM_TIM14_IRQHandler
                0x08003b18                DFSDM1_FLT1_IRQHandler
                0x08003b18                TIM1_UP_TIM10_IRQHandler
                0x08003b18                TIM8_UP_TIM13_IRQHandler
                0x08003b18                I2C3_ER_IRQHandler
                0x08003b18                DFSDM1_FLT2_IRQHandler
                0x08003b18                EXTI0_IRQHandler
                0x08003b18                I2C2_EV_IRQHandler
                0x08003b18                DMA1_Stream2_IRQHandler
                0x08003b18                CAN1_RX0_IRQHandler
                0x08003b18                FPU_IRQHandler
                0x08003b18                OTG_HS_WKUP_IRQHandler
                0x08003b18                CAN3_SCE_IRQHandler
                0x08003b18                LTDC_ER_IRQHandler
                0x08003b18                CAN2_SCE_IRQHandler
                0x08003b18                DMA2_Stream2_IRQHandler
                0x08003b18                SPI1_IRQHandler
                0x08003b18                TIM6_DAC_IRQHandler
                0x08003b18                TIM1_BRK_TIM9_IRQHandler
                0x08003b18                DCMI_IRQHandler
                0x08003b18                CAN2_RX0_IRQHandler
                0x08003b18                DMA2_Stream3_IRQHandler
                0x08003b18                SAI2_IRQHandler
                0x08003b18                DFSDM1_FLT3_IRQHandler
                0x08003b18                USART6_IRQHandler
                0x08003b18                CAN3_RX0_IRQHandler
                0x08003b18                USART3_IRQHandler
                0x08003b18                CAN1_RX1_IRQHandler
                0x08003b18                UART5_IRQHandler
                0x08003b18                DMA2_Stream0_IRQHandler
                0x08003b18                TIM4_IRQHandler
                0x08003b18                QUADSPI_IRQHandler
                0x08003b18                I2C1_EV_IRQHandler
                0x08003b18                DMA1_Stream6_IRQHandler
                0x08003b18                DMA1_Stream1_IRQHandler
                0x08003b18                UART4_IRQHandler
                0x08003b18                TIM3_IRQHandler
                0x08003b18                RCC_IRQHandler
                0x08003b18                TIM8_BRK_TIM12_IRQHandler
                0x08003b18                Default_Handler
                0x08003b18                CEC_IRQHandler
                0x08003b18                EXTI15_10_IRQHandler
                0x08003b18                ADC_IRQHandler
                0x08003b18                DMA1_Stream7_IRQHandler
                0x08003b18                SPI5_IRQHandler
                0x08003b18                TIM7_IRQHandler
                0x08003b18                SDMMC1_IRQHandler
                0x08003b18                CAN2_TX_IRQHandler
                0x08003b18                TIM5_IRQHandler
                0x08003b18                DMA2_Stream7_IRQHandler
                0x08003b18                I2C3_EV_IRQHandler
                0x08003b18                EXTI9_5_IRQHandler
                0x08003b18                RTC_WKUP_IRQHandler
                0x08003b18                LTDC_IRQHandler
                0x08003b18                ETH_WKUP_IRQHandler
                0x08003b18                SPDIF_RX_IRQHandler
                0x08003b18                SPI2_IRQHandler
                0x08003b18                OTG_HS_EP1_IN_IRQHandler
                0x08003b18                DMA1_Stream0_IRQHandler
                0x08003b18                CAN1_TX_IRQHandler
                0x08003b18                EXTI4_IRQHandler
                0x08003b18                RNG_IRQHandler
                0x08003b18                ETH_IRQHandler
                0x08003b18                OTG_HS_EP1_OUT_IRQHandler
                0x08003b18                WWDG_IRQHandler
                0x08003b18                SPI6_IRQHandler
                0x08003b18                MDIOS_IRQHandler
                0x08003b18                I2C4_EV_IRQHandler
                0x08003b18                CAN3_TX_IRQHandler
                0x08003b18                TIM2_IRQHandler
                0x08003b18                OTG_FS_WKUP_IRQHandler
                0x08003b18                TIM1_TRG_COM_TIM11_IRQHandler
                0x08003b18                OTG_HS_IRQHandler
                0x08003b18                DMA2D_IRQHandler
                0x08003b18                EXTI1_IRQHandler
                0x08003b18                SDMMC2_IRQHandler
                0x08003b18                UART7_IRQHandler
                0x08003b18                USART2_IRQHandler
                0x08003b18                DFSDM1_FLT0_IRQHandler
                0x08003b18                I2C2_ER_IRQHandler
                0x08003b18                DMA2_Stream1_IRQHandler
                0x08003b18                CAN1_SCE_IRQHandler
                0x08003b18                FLASH_IRQHandler
                0x08003b18                DMA2_Stream4_IRQHandler
                0x08003b18                USART1_IRQHandler
                0x08003b18                OTG_FS_IRQHandler
                0x08003b18                SPI3_IRQHandler
                0x08003b18                DMA1_Stream4_IRQHandler
                0x08003b18                I2C1_ER_IRQHandler
                0x08003b18                FMC_IRQHandler
                0x08003b18                LPTIM1_IRQHandler
                0x08003b18                I2C4_ER_IRQHandler
                0x08003b18                DMA2_Stream6_IRQHandler
                0x08003b18                SAI1_IRQHandler
                0x08003b18                DMA1_Stream3_IRQHandler
 *fill*         0x08003b1a        0x2 
 .text.__libc_init_array
                0x08003b1c       0x48 c:/program files (x86)/atollic/truestudio for stm32 9.2.0/armtools/bin/../lib/gcc/arm-atollic-eabi/6.3.1/../../../../arm-atollic-eabi/lib/armv7e-m/fpu/fpv5-d16\libc_nano.a(lib_a-init.o)
                0x08003b1c                __libc_init_array
 .text.memset   0x08003b64       0x10 c:/program files (x86)/atollic/truestudio for stm32 9.2.0/armtools/bin/../lib/gcc/arm-atollic-eabi/6.3.1/../../../../arm-atollic-eabi/lib/armv7e-m/fpu/fpv5-d16\libc_nano.a(lib_a-memset.o)
                0x08003b64                memset
 *(.glue_7)
 .glue_7        0x08003b74        0x0 linker stubs
 *(.glue_7t)
 .glue_7t       0x08003b74        0x0 linker stubs
 *(.eh_frame)
 .eh_frame      0x08003b74        0x0 c:/program files (x86)/atollic/truestudio for stm32 9.2.0/armtools/bin/../lib/gcc/arm-atollic-eabi/6.3.1/armv7e-m/fpu/fpv5-d16/crtbegin.o
 *(.init)
 .init          0x08003b74        0x4 c:/program files (x86)/atollic/truestudio for stm32 9.2.0/armtools/bin/../lib/gcc/arm-atollic-eabi/6.3.1/armv7e-m/fpu/fpv5-d16/crti.o
                0x08003b74                _init
 .init          0x08003b78        0x8 c:/program files (x86)/atollic/truestudio for stm32 9.2.0/armtools/bin/../lib/gcc/arm-atollic-eabi/6.3.1/armv7e-m/fpu/fpv5-d16/crtn.o
 *(.fini)
 .fini          0x08003b80        0x4 c:/program files (x86)/atollic/truestudio for stm32 9.2.0/armtools/bin/../lib/gcc/arm-atollic-eabi/6.3.1/armv7e-m/fpu/fpv5-d16/crti.o
                0x08003b80                _fini
 .fini          0x08003b84        0x8 c:/program files (x86)/atollic/truestudio for stm32 9.2.0/armtools/bin/../lib/gcc/arm-atollic-eabi/6.3.1/armv7e-m/fpu/fpv5-d16/crtn.o
                0x08003b8c                . = ALIGN (0x4)
                0x08003b8c                _etext = .

.vfp11_veneer   0x08003b8c        0x0
 .vfp11_veneer  0x08003b8c        0x0 linker stubs

.v4_bx          0x08003b8c        0x0
 .v4_bx         0x08003b8c        0x0 linker stubs

.iplt           0x08003b8c        0x0
 .iplt          0x08003b8c        0x0 c:/program files (x86)/atollic/truestudio for stm32 9.2.0/armtools/bin/../lib/gcc/arm-atollic-eabi/6.3.1/armv7e-m/fpu/fpv5-d16/crtbegin.o

.rodata         0x08003b8c      0x25c
                0x08003b8c                . = ALIGN (0x4)
 *(.rodata)
 *(.rodata*)
 .rodata.JPEG_ACCHROM_HuffTable
                0x08003b8c       0xb2 Drivers\STM32F7xx_HAL_Driver\Src\stm32f7xx_hal_jpeg.o
 .rodata.JPEG_ACLUM_HuffTable
                0x08003c3e       0xb2 Drivers\STM32F7xx_HAL_Driver\Src\stm32f7xx_hal_jpeg.o
 .rodata.JPEG_CHROM_QuantTable
                0x08003cf0       0x40 Drivers\STM32F7xx_HAL_Driver\Src\stm32f7xx_hal_jpeg.o
 .rodata.JPEG_DCCHROM_HuffTable
                0x08003d30       0x1c Drivers\STM32F7xx_HAL_Driver\Src\stm32f7xx_hal_jpeg.o
 .rodata.JPEG_DCLUM_HuffTable
                0x08003d4c       0x1c Drivers\STM32F7xx_HAL_Driver\Src\stm32f7xx_hal_jpeg.o
 .rodata.JPEG_LUM_QuantTable
                0x08003d68       0x40 Drivers\STM32F7xx_HAL_Driver\Src\stm32f7xx_hal_jpeg.o
 .rodata.CSWTCH.38
                0x08003da8        0x4 Drivers\STM32F7xx_HAL_Driver\Src\stm32f7xx_hal_uart.o
 .rodata.CSWTCH.39
                0x08003dac        0xd Drivers\STM32F7xx_HAL_Driver\Src\stm32f7xx_hal_uart.o
 *fill*         0x08003db9        0x3 
 .rodata.SD_Driver
                0x08003dbc       0x14 Src\sd_diskio.o
                0x08003dbc                SD_Driver
 .rodata.AHBPrescTable
                0x08003dd0       0x10 Src\system_stm32f7xx.o
                0x08003dd0                AHBPrescTable
 .rodata.APBPrescTable
                0x08003de0        0x8 Src\system_stm32f7xx.o
                0x08003de0                APBPrescTable
                0x08003de8                . = ALIGN (0x4)

.ARM.extab
 *(.ARM.extab* .gnu.linkonce.armextab.*)

.ARM            0x08003de8        0x8
                0x08003de8                __exidx_start = .
 *(.ARM.exidx*)
 .ARM.exidx     0x08003de8        0x8 c:/program files (x86)/atollic/truestudio for stm32 9.2.0/armtools/bin/../lib/gcc/arm-atollic-eabi/6.3.1/armv7e-m/fpu/fpv5-d16\libgcc.a(_udivmoddi4.o)
                0x08003df0                __exidx_end = .

.rel.dyn        0x08003df0        0x0
 .rel.iplt      0x08003df0        0x0 c:/program files (x86)/atollic/truestudio for stm32 9.2.0/armtools/bin/../lib/gcc/arm-atollic-eabi/6.3.1/armv7e-m/fpu/fpv5-d16/crtbegin.o

.preinit_array  0x08003df0        0x0
                0x08003df0                PROVIDE (__preinit_array_start, .)
 *(.preinit_array*)
                0x08003df0                PROVIDE (__preinit_array_end, .)

.init_array     0x08003df0        0x4
                0x08003df0                PROVIDE (__init_array_start, .)
 *(SORT(.init_array.*))
 *(.init_array*)
 .init_array    0x08003df0        0x4 c:/program files (x86)/atollic/truestudio for stm32 9.2.0/armtools/bin/../lib/gcc/arm-atollic-eabi/6.3.1/armv7e-m/fpu/fpv5-d16/crtbegin.o
                0x08003df4                PROVIDE (__init_array_end, .)

.fini_array     0x08003df4        0x4
                [!provide]                PROVIDE (__fini_array_start, .)
 *(SORT(.fini_array.*))
 *(.fini_array*)
 .fini_array    0x08003df4        0x4 c:/program files (x86)/atollic/truestudio for stm32 9.2.0/armtools/bin/../lib/gcc/arm-atollic-eabi/6.3.1/armv7e-m/fpu/fpv5-d16/crtbegin.o
                [!provide]                PROVIDE (__fini_array_end, .)
                0x08003df8                _sidata = LOADADDR (.data)

.data           0x20000000       0x10 load address 0x08003df8
                0x20000000                . = ALIGN (0x4)
                0x20000000                _sdata = .
 *(.data)
 *(.data*)
 .data.uwTickFreq
                0x20000000        0x1 Drivers\STM32F7xx_HAL_Driver\Src\stm32f7xx_hal.o
                0x20000000                uwTickFreq
 *fill*         0x20000001        0x3 
 .data.uwTickPrio
                0x20000004        0x4 Drivers\STM32F7xx_HAL_Driver\Src\stm32f7xx_hal.o
                0x20000004                uwTickPrio
 .data.Stat     0x20000008        0x1 Src\sd_diskio.o
 *fill*         0x20000009        0x3 
 .data.SystemCoreClock
                0x2000000c        0x4 Src\system_stm32f7xx.o
                0x2000000c                SystemCoreClock
                0x20000010                . = ALIGN (0x4)
                0x20000010                _edata = .

.igot.plt       0x20000010        0x0 load address 0x08003e08
 .igot.plt      0x20000010        0x0 c:/program files (x86)/atollic/truestudio for stm32 9.2.0/armtools/bin/../lib/gcc/arm-atollic-eabi/6.3.1/armv7e-m/fpu/fpv5-d16/crtbegin.o
                0x20000010                . = ALIGN (0x4)

.bss            0x20000010      0x73c load address 0x08003e08
                0x20000010                _sbss = .
                0x20000010                __bss_start__ = _sbss
 *(.bss)
 .bss           0x20000010       0x1c c:/program files (x86)/atollic/truestudio for stm32 9.2.0/armtools/bin/../lib/gcc/arm-atollic-eabi/6.3.1/armv7e-m/fpu/fpv5-d16/crtbegin.o
 *(.bss*)
 .bss.disk      0x2000002c        0xc Middlewares\Third_Party\FatFs\src\ff_gen_drv.o
                0x2000002c                disk
 *(COMMON)
 COMMON         0x20000038        0x4 Drivers\STM32F7xx_HAL_Driver\Src\stm32f7xx_hal.o
                0x20000038                uwTick
 COMMON         0x2000003c      0x468 Src\fatfs.o
                0x2000003c                retSD
                0x2000003d                SDPath
                0x20000044                SDFile
                0x20000274                SDFatFS
 COMMON         0x200004a4      0x2a8 Src\main.o
                0x200004a4                htim4
                0x200004e4                huart3
                0x20000554                hsd1
                0x200005d8                hjpeg
                0x2000062c                huart1
                0x2000069c                htim1
                0x200006dc                huart4
                0x2000074c                . = ALIGN (0x4)
                0x2000074c                _ebss = .
                0x2000074c                __bss_end__ = _ebss

._user_heap_stack
                0x2000074c      0x600 load address 0x08003e08
                0x2000074c                . = ALIGN (0x4)
                [!provide]                PROVIDE (end, .)
                [!provide]                PROVIDE (_end, .)
                0x2000094c                . = (. + _Min_Heap_Size)
 *fill*         0x2000074c      0x200 
                0x20000d4c                . = (. + _Min_Stack_Size)
 *fill*         0x2000094c      0x400 
                0x20000d4c                . = ALIGN (0x4)

/DISCARD/
 libc.a(*)
 libm.a(*)
 libgcc.a(*)

.ARM.attributes
                0x00000000       0x2e
 *(.ARM.attributes)
 .ARM.attributes
                0x00000000       0x20 c:/program files (x86)/atollic/truestudio for stm32 9.2.0/armtools/bin/../lib/gcc/arm-atollic-eabi/6.3.1/armv7e-m/fpu/fpv5-d16/crti.o
 .ARM.attributes
                0x00000020       0x32 c:/program files (x86)/atollic/truestudio for stm32 9.2.0/armtools/bin/../lib/gcc/arm-atollic-eabi/6.3.1/armv7e-m/fpu/fpv5-d16/crtbegin.o
 .ARM.attributes
                0x00000052       0x37 Drivers\STM32F7xx_HAL_Driver\Src\stm32f7xx_hal.o
 .ARM.attributes
                0x00000089       0x37 Drivers\STM32F7xx_HAL_Driver\Src\stm32f7xx_hal_cortex.o
 .ARM.attributes
                0x000000c0       0x37 Drivers\STM32F7xx_HAL_Driver\Src\stm32f7xx_hal_gpio.o
 .ARM.attributes
                0x000000f7       0x37 Drivers\STM32F7xx_HAL_Driver\Src\stm32f7xx_hal_jpeg.o
 .ARM.attributes
                0x0000012e       0x37 Drivers\STM32F7xx_HAL_Driver\Src\stm32f7xx_hal_pwr_ex.o
 .ARM.attributes
                0x00000165       0x37 Drivers\STM32F7xx_HAL_Driver\Src\stm32f7xx_hal_rcc.o
 .ARM.attributes
                0x0000019c       0x37 Drivers\STM32F7xx_HAL_Driver\Src\stm32f7xx_hal_rcc_ex.o
 .ARM.attributes
                0x000001d3       0x37 Drivers\STM32F7xx_HAL_Driver\Src\stm32f7xx_hal_sd.o
 .ARM.attributes
                0x0000020a       0x37 Drivers\STM32F7xx_HAL_Driver\Src\stm32f7xx_hal_tim.o
 .ARM.attributes
                0x00000241       0x37 Drivers\STM32F7xx_HAL_Driver\Src\stm32f7xx_hal_tim_ex.o
 .ARM.attributes
                0x00000278       0x37 Drivers\STM32F7xx_HAL_Driver\Src\stm32f7xx_hal_uart.o
 .ARM.attributes
                0x000002af       0x37 Drivers\STM32F7xx_HAL_Driver\Src\stm32f7xx_ll_sdmmc.o
 .ARM.attributes
                0x000002e6       0x37 Middlewares\Third_Party\FatFs\src\ff_gen_drv.o
 .ARM.attributes
                0x0000031d       0x37 Src\bsp_driver_sd.o
 .ARM.attributes
                0x00000354       0x37 Src\fatfs.o
 .ARM.attributes
                0x0000038b       0x37 Src\fatfs_platform.o
 .ARM.attributes
                0x000003c2       0x37 Src\main.o
 .ARM.attributes
                0x000003f9       0x37 Src\sd_diskio.o
 .ARM.attributes
                0x00000430       0x37 Src\stm32f7xx_hal_msp.o
 .ARM.attributes
                0x00000467       0x37 Src\stm32f7xx_it.o
 .ARM.attributes
                0x0000049e       0x37 Src\system_stm32f7xx.o
 .ARM.attributes
                0x000004d5       0x21 startup\startup_stm32f767xx.o
 .ARM.attributes
                0x000004f6       0x32 c:/program files (x86)/atollic/truestudio for stm32 9.2.0/armtools/bin/../lib/gcc/arm-atollic-eabi/6.3.1/../../../../arm-atollic-eabi/lib/armv7e-m/fpu/fpv5-d16\libc_nano.a(lib_a-init.o)
 .ARM.attributes
                0x00000528       0x32 c:/program files (x86)/atollic/truestudio for stm32 9.2.0/armtools/bin/../lib/gcc/arm-atollic-eabi/6.3.1/../../../../arm-atollic-eabi/lib/armv7e-m/fpu/fpv5-d16\libc_nano.a(lib_a-memset.o)
 .ARM.attributes
                0x0000055a       0x20 c:/program files (x86)/atollic/truestudio for stm32 9.2.0/armtools/bin/../lib/gcc/arm-atollic-eabi/6.3.1/armv7e-m/fpu/fpv5-d16\libgcc.a(_aeabi_uldivmod.o)
 .ARM.attributes
                0x0000057a       0x32 c:/program files (x86)/atollic/truestudio for stm32 9.2.0/armtools/bin/../lib/gcc/arm-atollic-eabi/6.3.1/armv7e-m/fpu/fpv5-d16\libgcc.a(_udivmoddi4.o)
 .ARM.attributes
                0x000005ac       0x20 c:/program files (x86)/atollic/truestudio for stm32 9.2.0/armtools/bin/../lib/gcc/arm-atollic-eabi/6.3.1/armv7e-m/fpu/fpv5-d16\libgcc.a(_dvmd_tls.o)
 .ARM.attributes
                0x000005cc       0x20 c:/program files (x86)/atollic/truestudio for stm32 9.2.0/armtools/bin/../lib/gcc/arm-atollic-eabi/6.3.1/armv7e-m/fpu/fpv5-d16/crtn.o
OUTPUT(EDAMAME_v3.elf elf32-littlearm)

.debug_info     0x00000000    0x20fa7
 .debug_info    0x00000000     0x1372 Drivers\STM32F7xx_HAL_Driver\Src\stm32f7xx_hal.o
 .debug_info    0x00001372     0x19a8 Drivers\STM32F7xx_HAL_Driver\Src\stm32f7xx_hal_cortex.o
 .debug_info    0x00002d1a      0xfbc Drivers\STM32F7xx_HAL_Driver\Src\stm32f7xx_hal_gpio.o
 .debug_info    0x00003cd6     0x2add Drivers\STM32F7xx_HAL_Driver\Src\stm32f7xx_hal_jpeg.o
 .debug_info    0x000067b3     0x122c Drivers\STM32F7xx_HAL_Driver\Src\stm32f7xx_hal_pwr_ex.o
 .debug_info    0x000079df     0x1367 Drivers\STM32F7xx_HAL_Driver\Src\stm32f7xx_hal_rcc.o
 .debug_info    0x00008d46     0x108a Drivers\STM32F7xx_HAL_Driver\Src\stm32f7xx_hal_rcc_ex.o
 .debug_info    0x00009dd0     0x2aa1 Drivers\STM32F7xx_HAL_Driver\Src\stm32f7xx_hal_sd.o
 .debug_info    0x0000c871     0x3ad5 Drivers\STM32F7xx_HAL_Driver\Src\stm32f7xx_hal_tim.o
 .debug_info    0x00010346     0x1e62 Drivers\STM32F7xx_HAL_Driver\Src\stm32f7xx_hal_tim_ex.o
 .debug_info    0x000121a8     0x20b0 Drivers\STM32F7xx_HAL_Driver\Src\stm32f7xx_hal_uart.o
 .debug_info    0x00014258     0x1ee5 Drivers\STM32F7xx_HAL_Driver\Src\stm32f7xx_ll_sdmmc.o
 .debug_info    0x0001613d      0xcff Middlewares\Third_Party\FatFs\src\ff_gen_drv.o
 .debug_info    0x00016e3c     0x13c4 Src\bsp_driver_sd.o
 .debug_info    0x00018200      0xd54 Src\fatfs.o
 .debug_info    0x00018f54      0xa51 Src\fatfs_platform.o
 .debug_info    0x000199a5     0x2ecf Src\main.o
 .debug_info    0x0001c874      0xee9 Src\sd_diskio.o
 .debug_info    0x0001d75d     0x1f0b Src\stm32f7xx_hal_msp.o
 .debug_info    0x0001f668      0x9c9 Src\stm32f7xx_it.o
 .debug_info    0x00020031      0xf05 Src\system_stm32f7xx.o
 .debug_info    0x00020f36       0x71 startup\startup_stm32f767xx.o

.debug_abbrev   0x00000000     0x3ca6
 .debug_abbrev  0x00000000      0x2f9 Drivers\STM32F7xx_HAL_Driver\Src\stm32f7xx_hal.o
 .debug_abbrev  0x000002f9      0x399 Drivers\STM32F7xx_HAL_Driver\Src\stm32f7xx_hal_cortex.o
 .debug_abbrev  0x00000692      0x268 Drivers\STM32F7xx_HAL_Driver\Src\stm32f7xx_hal_gpio.o
 .debug_abbrev  0x000008fa      0x3da Drivers\STM32F7xx_HAL_Driver\Src\stm32f7xx_hal_jpeg.o
 .debug_abbrev  0x00000cd4      0x2b6 Drivers\STM32F7xx_HAL_Driver\Src\stm32f7xx_hal_pwr_ex.o
 .debug_abbrev  0x00000f8a      0x35e Drivers\STM32F7xx_HAL_Driver\Src\stm32f7xx_hal_rcc.o
 .debug_abbrev  0x000012e8      0x25f Drivers\STM32F7xx_HAL_Driver\Src\stm32f7xx_hal_rcc_ex.o
 .debug_abbrev  0x00001547      0x3bc Drivers\STM32F7xx_HAL_Driver\Src\stm32f7xx_hal_sd.o
 .debug_abbrev  0x00001903      0x381 Drivers\STM32F7xx_HAL_Driver\Src\stm32f7xx_hal_tim.o
 .debug_abbrev  0x00001c84      0x30d Drivers\STM32F7xx_HAL_Driver\Src\stm32f7xx_hal_tim_ex.o
 .debug_abbrev  0x00001f91      0x3a6 Drivers\STM32F7xx_HAL_Driver\Src\stm32f7xx_hal_uart.o
 .debug_abbrev  0x00002337      0x345 Drivers\STM32F7xx_HAL_Driver\Src\stm32f7xx_ll_sdmmc.o
 .debug_abbrev  0x0000267c      0x2a5 Middlewares\Third_Party\FatFs\src\ff_gen_drv.o
 .debug_abbrev  0x00002921      0x2c9 Src\bsp_driver_sd.o
 .debug_abbrev  0x00002bea      0x204 Src\fatfs.o
 .debug_abbrev  0x00002dee      0x1d8 Src\fatfs_platform.o
 .debug_abbrev  0x00002fc6      0x366 Src\main.o
 .debug_abbrev  0x0000332c      0x2dd Src\sd_diskio.o
 .debug_abbrev  0x00003609      0x2c4 Src\stm32f7xx_hal_msp.o
 .debug_abbrev  0x000038cd      0x1e1 Src\stm32f7xx_it.o
 .debug_abbrev  0x00003aae      0x1e6 Src\system_stm32f7xx.o
 .debug_abbrev  0x00003c94       0x12 startup\startup_stm32f767xx.o

.debug_loc      0x00000000     0xc39e
 .debug_loc     0x00000000      0x11b Drivers\STM32F7xx_HAL_Driver\Src\stm32f7xx_hal.o
 .debug_loc     0x0000011b      0x536 Drivers\STM32F7xx_HAL_Driver\Src\stm32f7xx_hal_cortex.o
 .debug_loc     0x00000651      0x3cd Drivers\STM32F7xx_HAL_Driver\Src\stm32f7xx_hal_gpio.o
 .debug_loc     0x00000a1e     0x23b1 Drivers\STM32F7xx_HAL_Driver\Src\stm32f7xx_hal_jpeg.o
 .debug_loc     0x00002dcf      0x1c2 Drivers\STM32F7xx_HAL_Driver\Src\stm32f7xx_hal_pwr_ex.o
 .debug_loc     0x00002f91      0x40a Drivers\STM32F7xx_HAL_Driver\Src\stm32f7xx_hal_rcc.o
 .debug_loc     0x0000339b      0x5dc Drivers\STM32F7xx_HAL_Driver\Src\stm32f7xx_hal_rcc_ex.o
 .debug_loc     0x00003977     0x1aec Drivers\STM32F7xx_HAL_Driver\Src\stm32f7xx_hal_sd.o
 .debug_loc     0x00005463     0x2eb3 Drivers\STM32F7xx_HAL_Driver\Src\stm32f7xx_hal_tim.o
 .debug_loc     0x00008316     0x1211 Drivers\STM32F7xx_HAL_Driver\Src\stm32f7xx_hal_tim_ex.o
 .debug_loc     0x00009527     0x131b Drivers\STM32F7xx_HAL_Driver\Src\stm32f7xx_hal_uart.o
 .debug_loc     0x0000a842      0xeea Drivers\STM32F7xx_HAL_Driver\Src\stm32f7xx_ll_sdmmc.o
 .debug_loc     0x0000b72c      0x216 Middlewares\Third_Party\FatFs\src\ff_gen_drv.o
 .debug_loc     0x0000b942      0x435 Src\bsp_driver_sd.o
 .debug_loc     0x0000bd77       0x25 Src\fatfs_platform.o
 .debug_loc     0x0000bd9c       0x41 Src\main.o
 .debug_loc     0x0000bddd      0x3a5 Src\sd_diskio.o
 .debug_loc     0x0000c182      0x100 Src\stm32f7xx_hal_msp.o
 .debug_loc     0x0000c282      0x11c Src\system_stm32f7xx.o

.debug_aranges  0x00000000      0xe60
 .debug_aranges
                0x00000000      0x108 Drivers\STM32F7xx_HAL_Driver\Src\stm32f7xx_hal.o
 .debug_aranges
                0x00000108       0xa8 Drivers\STM32F7xx_HAL_Driver\Src\stm32f7xx_hal_cortex.o
 .debug_aranges
                0x000001b0       0x58 Drivers\STM32F7xx_HAL_Driver\Src\stm32f7xx_hal_gpio.o
 .debug_aranges
                0x00000208      0x160 Drivers\STM32F7xx_HAL_Driver\Src\stm32f7xx_hal_jpeg.o
 .debug_aranges
                0x00000368       0x80 Drivers\STM32F7xx_HAL_Driver\Src\stm32f7xx_hal_pwr_ex.o
 .debug_aranges
                0x000003e8       0x88 Drivers\STM32F7xx_HAL_Driver\Src\stm32f7xx_hal_rcc.o
 .debug_aranges
                0x00000470       0x50 Drivers\STM32F7xx_HAL_Driver\Src\stm32f7xx_hal_rcc_ex.o
 .debug_aranges
                0x000004c0       0xf8 Drivers\STM32F7xx_HAL_Driver\Src\stm32f7xx_hal_sd.o
 .debug_aranges
                0x000005b8      0x260 Drivers\STM32F7xx_HAL_Driver\Src\stm32f7xx_hal_tim.o
 .debug_aranges
                0x00000818      0x128 Drivers\STM32F7xx_HAL_Driver\Src\stm32f7xx_hal_tim_ex.o
 .debug_aranges
                0x00000940      0x148 Drivers\STM32F7xx_HAL_Driver\Src\stm32f7xx_hal_uart.o
 .debug_aranges
                0x00000a88      0x150 Drivers\STM32F7xx_HAL_Driver\Src\stm32f7xx_ll_sdmmc.o
 .debug_aranges
                0x00000bd8       0x40 Middlewares\Third_Party\FatFs\src\ff_gen_drv.o
 .debug_aranges
                0x00000c18       0x88 Src\bsp_driver_sd.o
 .debug_aranges
                0x00000ca0       0x28 Src\fatfs.o
 .debug_aranges
                0x00000cc8       0x20 Src\fatfs_platform.o
 .debug_aranges
                0x00000ce8       0x30 Src\main.o
 .debug_aranges
                0x00000d18       0x48 Src\sd_diskio.o
 .debug_aranges
                0x00000d60       0x68 Src\stm32f7xx_hal_msp.o
 .debug_aranges
                0x00000dc8       0x48 Src\stm32f7xx_it.o
 .debug_aranges
                0x00000e10       0x28 Src\system_stm32f7xx.o
 .debug_aranges
                0x00000e38       0x28 startup\startup_stm32f767xx.o

.debug_ranges   0x00000000     0x13e0
 .debug_ranges  0x00000000       0xf8 Drivers\STM32F7xx_HAL_Driver\Src\stm32f7xx_hal.o
 .debug_ranges  0x000000f8      0x138 Drivers\STM32F7xx_HAL_Driver\Src\stm32f7xx_hal_cortex.o
 .debug_ranges  0x00000230       0x70 Drivers\STM32F7xx_HAL_Driver\Src\stm32f7xx_hal_gpio.o
 .debug_ranges  0x000002a0      0x288 Drivers\STM32F7xx_HAL_Driver\Src\stm32f7xx_hal_jpeg.o
 .debug_ranges  0x00000528       0xe8 Drivers\STM32F7xx_HAL_Driver\Src\stm32f7xx_hal_pwr_ex.o
 .debug_ranges  0x00000610       0xf0 Drivers\STM32F7xx_HAL_Driver\Src\stm32f7xx_hal_rcc.o
 .debug_ranges  0x00000700       0x58 Drivers\STM32F7xx_HAL_Driver\Src\stm32f7xx_hal_rcc_ex.o
 .debug_ranges  0x00000758      0x1f8 Drivers\STM32F7xx_HAL_Driver\Src\stm32f7xx_hal_sd.o
 .debug_ranges  0x00000950      0x318 Drivers\STM32F7xx_HAL_Driver\Src\stm32f7xx_hal_tim.o
 .debug_ranges  0x00000c68      0x118 Drivers\STM32F7xx_HAL_Driver\Src\stm32f7xx_hal_tim_ex.o
 .debug_ranges  0x00000d80      0x138 Drivers\STM32F7xx_HAL_Driver\Src\stm32f7xx_hal_uart.o
 .debug_ranges  0x00000eb8      0x1b8 Drivers\STM32F7xx_HAL_Driver\Src\stm32f7xx_ll_sdmmc.o
 .debug_ranges  0x00001070       0x30 Middlewares\Third_Party\FatFs\src\ff_gen_drv.o
 .debug_ranges  0x000010a0       0x78 Src\bsp_driver_sd.o
 .debug_ranges  0x00001118       0x18 Src\fatfs.o
 .debug_ranges  0x00001130       0x10 Src\fatfs_platform.o
 .debug_ranges  0x00001140       0xd0 Src\main.o
 .debug_ranges  0x00001210       0x50 Src\sd_diskio.o
 .debug_ranges  0x00001260      0x110 Src\stm32f7xx_hal_msp.o
 .debug_ranges  0x00001370       0x38 Src\stm32f7xx_it.o
 .debug_ranges  0x000013a8       0x18 Src\system_stm32f7xx.o
 .debug_ranges  0x000013c0       0x20 startup\startup_stm32f767xx.o

.debug_line     0x00000000     0x8857
 .debug_line    0x00000000      0x4e8 Drivers\STM32F7xx_HAL_Driver\Src\stm32f7xx_hal.o
 .debug_line    0x000004e8      0x4e3 Drivers\STM32F7xx_HAL_Driver\Src\stm32f7xx_hal_cortex.o
 .debug_line    0x000009cb      0x4a8 Drivers\STM32F7xx_HAL_Driver\Src\stm32f7xx_hal_gpio.o
 .debug_line    0x00000e73      0xe28 Drivers\STM32F7xx_HAL_Driver\Src\stm32f7xx_hal_jpeg.o
 .debug_line    0x00001c9b      0x43c Drivers\STM32F7xx_HAL_Driver\Src\stm32f7xx_hal_pwr_ex.o
 .debug_line    0x000020d7      0x656 Drivers\STM32F7xx_HAL_Driver\Src\stm32f7xx_hal_rcc.o
 .debug_line    0x0000272d      0x511 Drivers\STM32F7xx_HAL_Driver\Src\stm32f7xx_hal_rcc_ex.o
 .debug_line    0x00002c3e      0xafd Drivers\STM32F7xx_HAL_Driver\Src\stm32f7xx_hal_sd.o
 .debug_line    0x0000373b     0x12e2 Drivers\STM32F7xx_HAL_Driver\Src\stm32f7xx_hal_tim.o
 .debug_line    0x00004a1d      0x9b3 Drivers\STM32F7xx_HAL_Driver\Src\stm32f7xx_hal_tim_ex.o
 .debug_line    0x000053d0      0xc3b Drivers\STM32F7xx_HAL_Driver\Src\stm32f7xx_hal_uart.o
 .debug_line    0x0000600b      0x7e7 Drivers\STM32F7xx_HAL_Driver\Src\stm32f7xx_ll_sdmmc.o
 .debug_line    0x000067f2      0x341 Middlewares\Third_Party\FatFs\src\ff_gen_drv.o
 .debug_line    0x00006b33      0x3d0 Src\bsp_driver_sd.o
 .debug_line    0x00006f03      0x315 Src\fatfs.o
 .debug_line    0x00007218      0x27c Src\fatfs_platform.o
 .debug_line    0x00007494      0x5e9 Src\main.o
 .debug_line    0x00007a7d      0x3d1 Src\sd_diskio.o
 .debug_line    0x00007e4e      0x462 Src\stm32f7xx_hal_msp.o
 .debug_line    0x000082b0      0x2b4 Src\stm32f7xx_it.o
 .debug_line    0x00008564      0x274 Src\system_stm32f7xx.o
 .debug_line    0x000087d8       0x7f startup\startup_stm32f767xx.o

.debug_str      0x00000000     0x5fd5
 .debug_str     0x00000000     0x110d Drivers\STM32F7xx_HAL_Driver\Src\stm32f7xx_hal.o
                               0x11cb (size before relaxing)
 .debug_str     0x0000110d      0x48e Drivers\STM32F7xx_HAL_Driver\Src\stm32f7xx_hal_cortex.o
                               0x12a6 (size before relaxing)
 .debug_str     0x0000159b      0x1ad Drivers\STM32F7xx_HAL_Driver\Src\stm32f7xx_hal_gpio.o
                                0x97a (size before relaxing)
 .debug_str     0x00001748      0xde1 Drivers\STM32F7xx_HAL_Driver\Src\stm32f7xx_hal_jpeg.o
                               0x14b3 (size before relaxing)
 .debug_str     0x00002529      0x21a Drivers\STM32F7xx_HAL_Driver\Src\stm32f7xx_hal_pwr_ex.o
                                0xad5 (size before relaxing)
 .debug_str     0x00002743      0x2e9 Drivers\STM32F7xx_HAL_Driver\Src\stm32f7xx_hal_rcc.o
                                0xb61 (size before relaxing)
 .debug_str     0x00002a2c      0x3fb Drivers\STM32F7xx_HAL_Driver\Src\stm32f7xx_hal_rcc_ex.o
                                0xbb6 (size before relaxing)
 .debug_str     0x00002e27      0xc3d Drivers\STM32F7xx_HAL_Driver\Src\stm32f7xx_hal_sd.o
                               0x15df (size before relaxing)
 .debug_str     0x00003a64      0xf15 Drivers\STM32F7xx_HAL_Driver\Src\stm32f7xx_hal_tim.o
                               0x1858 (size before relaxing)
 .debug_str     0x00004979      0x636 Drivers\STM32F7xx_HAL_Driver\Src\stm32f7xx_hal_tim_ex.o
                               0x139e (size before relaxing)
 .debug_str     0x00004faf      0x774 Drivers\STM32F7xx_HAL_Driver\Src\stm32f7xx_hal_uart.o
                               0x128c (size before relaxing)
 .debug_str     0x00005723      0x204 Drivers\STM32F7xx_HAL_Driver\Src\stm32f7xx_ll_sdmmc.o
                                0xc57 (size before relaxing)
 .debug_str     0x00005927      0x174 Middlewares\Third_Party\FatFs\src\ff_gen_drv.o
                                0x78f (size before relaxing)
 .debug_str     0x00005a9b      0x167 Src\bsp_driver_sd.o
                                0xe18 (size before relaxing)
 .debug_str     0x00005c02      0x113 Src\fatfs.o
                                0x803 (size before relaxing)
 .debug_str     0x00005d15       0x18 Src\fatfs_platform.o
                                0x6c4 (size before relaxing)
 .debug_str     0x00005d2d      0x138 Src\main.o
                               0x1d81 (size before relaxing)
 .debug_str     0x00005e65       0x60 Src\sd_diskio.o
                                0x808 (size before relaxing)
 .debug_str     0x00005ec5       0x25 Src\stm32f7xx_hal_msp.o
                               0x141b (size before relaxing)
 .debug_str     0x00005eea       0xa6 Src\stm32f7xx_it.o
                                0x6cd (size before relaxing)
 .debug_str     0x00005f90       0x45 Src\system_stm32f7xx.o
                                0x8a7 (size before relaxing)

.comment        0x00000000       0x7c
 .comment       0x00000000       0x7c Drivers\STM32F7xx_HAL_Driver\Src\stm32f7xx_hal.o
                                 0x7d (size before relaxing)
 .comment       0x0000007c       0x7d Drivers\STM32F7xx_HAL_Driver\Src\stm32f7xx_hal_cortex.o
 .comment       0x0000007c       0x7d Drivers\STM32F7xx_HAL_Driver\Src\stm32f7xx_hal_gpio.o
 .comment       0x0000007c       0x7d Drivers\STM32F7xx_HAL_Driver\Src\stm32f7xx_hal_jpeg.o
 .comment       0x0000007c       0x7d Drivers\STM32F7xx_HAL_Driver\Src\stm32f7xx_hal_pwr_ex.o
 .comment       0x0000007c       0x7d Drivers\STM32F7xx_HAL_Driver\Src\stm32f7xx_hal_rcc.o
 .comment       0x0000007c       0x7d Drivers\STM32F7xx_HAL_Driver\Src\stm32f7xx_hal_rcc_ex.o
 .comment       0x0000007c       0x7d Drivers\STM32F7xx_HAL_Driver\Src\stm32f7xx_hal_sd.o
 .comment       0x0000007c       0x7d Drivers\STM32F7xx_HAL_Driver\Src\stm32f7xx_hal_tim.o
 .comment       0x0000007c       0x7d Drivers\STM32F7xx_HAL_Driver\Src\stm32f7xx_hal_tim_ex.o
 .comment       0x0000007c       0x7d Drivers\STM32F7xx_HAL_Driver\Src\stm32f7xx_hal_uart.o
 .comment       0x0000007c       0x7d Drivers\STM32F7xx_HAL_Driver\Src\stm32f7xx_ll_sdmmc.o
 .comment       0x0000007c       0x7d Middlewares\Third_Party\FatFs\src\ff_gen_drv.o
 .comment       0x0000007c       0x7d Src\bsp_driver_sd.o
 .comment       0x0000007c       0x7d Src\fatfs.o
 .comment       0x0000007c       0x7d Src\fatfs_platform.o
 .comment       0x0000007c       0x7d Src\main.o
 .comment       0x0000007c       0x7d Src\sd_diskio.o
 .comment       0x0000007c       0x7d Src\stm32f7xx_hal_msp.o
 .comment       0x0000007c       0x7d Src\stm32f7xx_it.o
 .comment       0x0000007c       0x7d Src\system_stm32f7xx.o

.debug_frame    0x00000000     0x2ac4
 .debug_frame   0x00000000      0x230 Drivers\STM32F7xx_HAL_Driver\Src\stm32f7xx_hal.o
 .debug_frame   0x00000230      0x158 Drivers\STM32F7xx_HAL_Driver\Src\stm32f7xx_hal_cortex.o
 .debug_frame   0x00000388       0xd8 Drivers\STM32F7xx_HAL_Driver\Src\stm32f7xx_hal_gpio.o
 .debug_frame   0x00000460      0x4a8 Drivers\STM32F7xx_HAL_Driver\Src\stm32f7xx_hal_jpeg.o
 .debug_frame   0x00000908      0x13c Drivers\STM32F7xx_HAL_Driver\Src\stm32f7xx_hal_pwr_ex.o
 .debug_frame   0x00000a44      0x148 Drivers\STM32F7xx_HAL_Driver\Src\stm32f7xx_hal_rcc.o
 .debug_frame   0x00000b8c       0xcc Drivers\STM32F7xx_HAL_Driver\Src\stm32f7xx_hal_rcc_ex.o
 .debug_frame   0x00000c58      0x3bc Drivers\STM32F7xx_HAL_Driver\Src\stm32f7xx_hal_sd.o
 .debug_frame   0x00001014      0x87c Drivers\STM32F7xx_HAL_Driver\Src\stm32f7xx_hal_tim.o
 .debug_frame   0x00001890      0x3f4 Drivers\STM32F7xx_HAL_Driver\Src\stm32f7xx_hal_tim_ex.o
 .debug_frame   0x00001c84      0x424 Drivers\STM32F7xx_HAL_Driver\Src\stm32f7xx_hal_uart.o
 .debug_frame   0x000020a8      0x458 Drivers\STM32F7xx_HAL_Driver\Src\stm32f7xx_ll_sdmmc.o
 .debug_frame   0x00002500       0x6c Middlewares\Third_Party\FatFs\src\ff_gen_drv.o
 .debug_frame   0x0000256c      0x168 Src\bsp_driver_sd.o
 .debug_frame   0x000026d4       0x38 Src\fatfs.o
 .debug_frame   0x0000270c       0x28 Src\fatfs_platform.o
 .debug_frame   0x00002734       0x5c Src\main.o
 .debug_frame   0x00002790       0xa0 Src\sd_diskio.o
 .debug_frame   0x00002830      0x110 Src\stm32f7xx_hal_msp.o
 .debug_frame   0x00002940       0xa0 Src\stm32f7xx_it.o
 .debug_frame   0x000029e0       0x38 Src\system_stm32f7xx.o
 .debug_frame   0x00002a18       0x2c c:/program files (x86)/atollic/truestudio for stm32 9.2.0/armtools/bin/../lib/gcc/arm-atollic-eabi/6.3.1/../../../../arm-atollic-eabi/lib/armv7e-m/fpu/fpv5-d16\libc_nano.a(lib_a-init.o)
 .debug_frame   0x00002a44       0x20 c:/program files (x86)/atollic/truestudio for stm32 9.2.0/armtools/bin/../lib/gcc/arm-atollic-eabi/6.3.1/../../../../arm-atollic-eabi/lib/armv7e-m/fpu/fpv5-d16\libc_nano.a(lib_a-memset.o)
 .debug_frame   0x00002a64       0x2c c:/program files (x86)/atollic/truestudio for stm32 9.2.0/armtools/bin/../lib/gcc/arm-atollic-eabi/6.3.1/armv7e-m/fpu/fpv5-d16\libgcc.a(_aeabi_uldivmod.o)
 .debug_frame   0x00002a90       0x34 c:/program files (x86)/atollic/truestudio for stm32 9.2.0/armtools/bin/../lib/gcc/arm-atollic-eabi/6.3.1/armv7e-m/fpu/fpv5-d16\libgcc.a(_udivmoddi4.o)
