stm32f7xx_hal_msp.c:96:6:HAL_MspInit	8	static
stm32f7xx_hal_msp.c:118:6:HAL_JPEG_MspInit	8	static
stm32f7xx_hal_msp.c:142:6:HAL_JPEG_MspDeInit	0	static
stm32f7xx_hal_msp.c:165:6:HAL_SD_MspInit	48	static
stm32f7xx_hal_msp.c:216:6:HAL_SD_MspDeInit	8	static
stm32f7xx_hal_msp.c:253:6:HAL_TIM_Base_MspInit	8	static
stm32f7xx_hal_msp.c:281:6:HAL_TIM_MspPostInit	32	static
stm32f7xx_hal_msp.c:318:6:HAL_TIM_Base_MspDeInit	0	static
stm32f7xx_hal_msp.c:352:6:HAL_UART_MspInit	56	static
stm32f7xx_hal_msp.c:438:6:HAL_UART_MspDeInit	0	static
