stm32f7xx_hal_jpeg.c:2006:26:JPEG_Bits_To_SizeCodes	20	static
stm32f7xx_hal_jpeg.c:2116:26:JPEG_DCHuff_BitsVals_To_SizeCodes	1320	static
stm32f7xx_hal_jpeg.c:2160:26:JPEG_Set_HuffDC_Mem	80	static
stm32f7xx_hal_jpeg.c:2217:26:JPEG_Set_HuffAC_Mem	2128	static
stm32f7xx_hal_jpeg.c:2748:13:JPEG_Init_Process	0	static
stm32f7xx_hal_jpeg.c:3058:26:JPEG_DMA_StartProcess	24	static
stm32f7xx_hal_jpeg.c:2542:27:JPEG_Set_Quantization_Mem	20	static
stm32f7xx_hal_jpeg.c:599:13:HAL_JPEG_MspInit	0	static
stm32f7xx_hal_jpeg.c:474:19:HAL_JPEG_Init	24	static
stm32f7xx_hal_jpeg.c:615:13:HAL_JPEG_MspDeInit	0	static
stm32f7xx_hal_jpeg.c:559:19:HAL_JPEG_DeInit	8	static
stm32f7xx_hal_jpeg.c:655:19:HAL_JPEG_ConfigEncoding	24	static
stm32f7xx_hal_jpeg.c:836:19:HAL_JPEG_GetInfo	32	static
stm32f7xx_hal_jpeg.c:903:19:HAL_JPEG_EnableHeaderParsing	0	static
stm32f7xx_hal_jpeg.c:939:19:HAL_JPEG_DisableHeaderParsing	0	static
stm32f7xx_hal_jpeg.c:986:20:HAL_JPEG_SetUserQuantTables	12	static
stm32f7xx_hal_jpeg.c:1263:20:HAL_JPEG_Encode_IT	24	static
stm32f7xx_hal_jpeg.c:1337:20:HAL_JPEG_Decode_IT	16	static
stm32f7xx_hal_jpeg.c:1401:20:HAL_JPEG_Encode_DMA	24	static
stm32f7xx_hal_jpeg.c:1474:20:HAL_JPEG_Decode_DMA	16	static
stm32f7xx_hal_jpeg.c:1537:20:HAL_JPEG_Pause	0	static
stm32f7xx_hal_jpeg.c:1668:6:HAL_JPEG_ConfigInputBuffer	0	static
stm32f7xx_hal_jpeg.c:1682:6:HAL_JPEG_ConfigOutputBuffer	0	static
stm32f7xx_hal_jpeg.c:1694:19:HAL_JPEG_Abort	16	static
stm32f7xx_hal_jpeg.c:1797:13:HAL_JPEG_InfoReadyCallback	0	static
stm32f7xx_hal_jpeg.c:1814:13:HAL_JPEG_EncodeCpltCallback	0	static
stm32f7xx_hal_jpeg.c:1830:13:HAL_JPEG_DecodeCpltCallback	0	static
stm32f7xx_hal_jpeg.c:1846:14:HAL_JPEG_ErrorCallback	0	static
stm32f7xx_hal_jpeg.c:3361:13:JPEG_DMAErrorCallback	8	static
stm32f7xx_hal_jpeg.c:1863:14:HAL_JPEG_GetDataCallback	0	static
stm32f7xx_hal_jpeg.c:2990:13:JPEG_ReadInputData	16	static
stm32f7xx_hal_jpeg.c:3281:13:JPEG_DMAInCpltCallback	8	static
stm32f7xx_hal_jpeg.c:1882:13:HAL_JPEG_DataReadyCallback	0	static
stm32f7xx_hal_jpeg.c:2920:13:JPEG_StoreOutputData	16	static
stm32f7xx_hal_jpeg.c:2802:17:JPEG_Process	16	static
stm32f7xx_hal_jpeg.c:1060:20:HAL_JPEG_Encode	32	static
stm32f7xx_hal_jpeg.c:1166:20:HAL_JPEG_Decode	32	static
stm32f7xx_hal_jpeg.c:3224:13:JPEG_DMA_PollResidualData	24	static
stm32f7xx_hal_jpeg.c:1589:20:HAL_JPEG_Resume	16	static
stm32f7xx_hal_jpeg.c:3170:17:JPEG_DMA_EndProcess	16	static
stm32f7xx_hal_jpeg.c:3388:13:JPEG_DMAOutAbortCallback	0	static
stm32f7xx_hal_jpeg.c:3326:13:JPEG_DMAOutCpltCallback	8	static
stm32f7xx_hal_jpeg.c:1919:6:HAL_JPEG_IRQHandler	16	static
stm32f7xx_hal_jpeg.c:1969:23:HAL_JPEG_GetState	0	static
stm32f7xx_hal_jpeg.c:1980:10:HAL_JPEG_GetError	0	static
